Microchip MPLAB XC8 Compiler V2.10 ()

Linker command line:

-W-3 --edf=C:\Program Files (x86)\Microchip\xc8\v2.10\pic\dat\en_msgs.txt \
  -cs -h+dist/default/production\Final_Project.production.sym \
  --cmf=dist/default/production\Final_Project.production.cmf -z -Q16F887 \
  -oC:\Users\kellyzc\AppData\Local\Temp\s14jo.2 --defsym=__MPLAB_BUILD=1 \
  -Mdist/default/production/Final_Project.production.map -E1 -ver=XC8 \
  --acfsm=1493 -ASTACK=0110h-016Fh -pstack=STACK -ACODE=00h-07FFhx4 \
  -ASTRCODE=00h-01FFFh -ASTRING=00h-0FFhx32 -ACONST=00h-0FFhx32 \
  -AENTRY=00h-0FFhx32 -ACOMMON=070h-07Fh -ABANK0=020h-06Fh \
  -ABANK1=0A0h-0EFh -ABANK2=0110h-016Fh -ABANK3=0190h-01EFh \
  -ARAM=020h-06Fh,0A0h-0EFh,0110h-016Fh,0190h-01EFh \
  -AABS1=020h-07Fh,0A0h-0EFh,0110h-016Fh,0190h-01EFh -ASFR0=00h-01Fh \
  -ASFR1=080h-09Fh -ASFR2=0100h-010Fh -ASFR3=0180h-018Fh \
  -preset_vec=00h,intentry=04h,init,end_init -ppowerup=CODE -pcinit=CODE \
  -pfunctab=ENTRY -ACONFIG=02007h-02008h -pconfig=CONFIG -DCONFIG=2 \
  -AIDLOC=02000h-02003h -pidloc=IDLOC -DIDLOC=2 -AEEDATA=00h-0FFh/02100h \
  -peeprom_data=EEDATA -DEEDATA=2 -DCODE=2 -DSTRCODE=2 -DSTRING=2 -DCONST=2 \
  -DENTRY=2 -k C:\Users\kellyzc\AppData\Local\Temp\s14jo.o \
  dist/default/production\Final_Project.production.o 

Object code version is 3.11

Machine type is 16F887



                Name                               Link     Load   Length Selector   Space Scale
C:\Users\kellyzc\AppData\Local\Temp\s14jo.o
                end_init                              C        C        3        8       0
                reset_vec                             0        0        3        0       0
                config                             2007     2007        2     400E       0
dist/default/production\Final_Project.production.o
                cinit                                 F        F       37        8       0
                intentry                              4        4        8        8       0
                text23                              6B7      6B7       3B      7A6       0
                text22                              FF5      FF5        B     1FEA       0
                text21                              7D1      7D1        D      7A6       0
                text20                              7A8      7A8       17      7A6       0
                text19                              7EA      7EA        C      7A6       0
                text18                              61F      61F       4F      7A6       0
                text17                              790      790       18      7A6       0
                text16                              774      774       1C      7A6       0
                text15                              5CD      5CD       52      7A6       0
                text14                              3D3      3D3       7C      7A6       0
                text13                              44F      44F       69      7A6       0
                text12                              51C      51C       5F      7A6       0
                text11                              7DE      7DE        C      7A6       0
                text10                              4B8      4B8       64      7A6       0
                text9                               74F      74F       25      7A6       0
                text8                               FED      FED        8     1FDA       0
                text7                               57B      57B       52      7A6       0
                text6                               724      724       2B      7A6       0
                text5                               7BF      7BF       12      7A6       0
                text4                               66E      66E       49      7A6       0
                text3                               6F2      6F2       32      7A6       0
                text2                               29F      29F       A4        8       0
                text1                                46       46      16A        8       0
                maintext                            1B0      1B0       EF        8       0
                cstackBANK0                          20       20       2C       20       1
                cstackCOMMON                         70       70        8       70       1
                clrtext                             7F6      7F6        8      7A6       0
                bssBANK3                            190      190       20      190       1
                bssBANK1                             A0       A0       40       A0       1
                dataBANK0                            57       57        2       20       1
                bssBANK0                             4C       4C        B       20       1
                dataCOMMON                           78       78        2       70       1
                bssCOMMON                            7A       7A        1       70       1
                strings                             343      343       90      686       0
                idataBANK0                          FEB      FEB        2     1FD6       0
                idataCOMMON                         7FE      7FE        2      7A6       0

TOTAL           Name                               Link     Load   Length     Space
        CLASS   STACK          

        CLASS   CODE           
                end_init                              C        C        3         0
                cinit                                 F        F       37         0
                intentry                              4        4        8         0
                reset_vec                             0        0        3         0
                text23                              6B7      6B7       3B         0
                text22                              FF5      FF5        B         0
                text21                              7D1      7D1        D         0
                text20                              7A8      7A8       17         0
                text19                              7EA      7EA        C         0
                text18                              61F      61F       4F         0
                text17                              790      790       18         0
                text16                              774      774       1C         0
                text15                              5CD      5CD       52         0
                text14                              3D3      3D3       7C         0
                text13                              44F      44F       69         0
                text12                              51C      51C       5F         0
                text11                              7DE      7DE        C         0
                text10                              4B8      4B8       64         0
                text9                               74F      74F       25         0
                text8                               FED      FED        8         0
                text7                               57B      57B       52         0
                text6                               724      724       2B         0
                text5                               7BF      7BF       12         0
                text4                               66E      66E       49         0
                text3                               6F2      6F2       32         0
                text2                               29F      29F       A4         0
                text1                                46       46      16A         0
                maintext                            1B0      1B0       EF         0
                clrtext                             7F6      7F6        8         0
                idataBANK0                          FEB      FEB        2         0
                idataCOMMON                         7FE      7FE        2         0

        CLASS   STRCODE        

        CLASS   STRING         
                strings                             343      343       90         0

        CLASS   CONST          

        CLASS   ENTRY          

        CLASS   COMMON         
                cstackCOMMON                         70       70        8         1
                dataCOMMON                           78       78        2         1
                bssCOMMON                            7A       7A        1         1

        CLASS   BANK0          
                cstackBANK0                          20       20       2C         1
                dataBANK0                            57       57        2         1
                bssBANK0                             4C       4C        B         1

        CLASS   BANK1          
                bssBANK1                             A0       A0       40         1

        CLASS   BANK2          

        CLASS   BANK3          
                bssBANK3                            190      190       20         1

        CLASS   RAM            

        CLASS   ABS1           
                abs_s1                               7E       7E        2         1

        CLASS   SFR0           

        CLASS   SFR1           

        CLASS   SFR2           

        CLASS   SFR3           

        CLASS   CONFIG         
                config                             2007     2007        2         0

        CLASS   IDLOC          

        CLASS   EEDATA         



SEGMENTS        Name                           Load    Length   Top    Selector   Space  Class     Delta

                reset_vec                      000000  000003  000003         0       0  CODE        2
                intentry                       000004  00033F  000343         8       0  CODE        2
                cstackBANK0                    000020  000039  000059        20       1  BANK0       1
                cstackCOMMON                   000070  00000B  00007B        70       1  COMMON      1
                bssBANK1                       0000A0  000040  0000E0        A0       1  BANK1       1
                bssBANK3                       000190  000020  0001B0       190       1  BANK3       1
                strings                        000343  000090  0003D3       686       0  STRING      2
                text14                         0003D3  00042D  000800       7A6       0  CODE        2
                idataBANK0                     000FEB  000002  000FED      1FD6       0  CODE        2
                text8                          000FED  000008  000FF5      1FDA       0  CODE        2
                text22                         000FF5  00000B  001000      1FEA       0  CODE        2
                config                         002007  000002  002009      400E       0  CONFIG      2


UNUSED ADDRESS RANGES

        Name                Unused          Largest block    Delta
        BANK0            0059-006F             17           1
        BANK1            00E0-00EF             10           1
        BANK2            0110-016F             60           1
        BANK3            01B0-01EF             40           1
        CODE             0003-0003              1           2
                         0800-0FEA            7EB
                         1000-1FFF            800
        COMMON           007B-007D              3           1
        CONST            0003-0003              1           2
                         0800-0FEA            100
                         1000-1FFF            100
        EEDATA           2100-21FF            100           2
        ENTRY            0003-0003              1           2
                         0800-0FEA            100
                         1000-1FFF            100
        IDLOC            2000-2003              4           2
        RAM              0059-006F             17           1
                         00E0-00EF             10
                         0110-016F             60
                         01B0-01EF             40
        SFR0             0000-001F             20           1
        SFR1             0080-009F             20           1
        SFR2             0100-010F             10           1
        SFR3             0180-018F             10           1
        STACK            0110-016F             60           1
        STRCODE          0003-0003              1           2
                         0800-0FEA            7EB
                         1000-1FFF           1000
        STRING           0003-0003              1           2
                         0800-0FEA            100
                         1000-1FFF            100

                                  Symbol Table

?___awdiv                             cstackCOMMON 0073
Delay20us@next                        cstackCOMMON 0074
DelayMs@millis                        cstackCOMMON 0073
_ADCON0                               (abs)        001F
_ADCON1                               (abs)        009F
_ADIE                                 (abs)        0466
_ADIF                                 (abs)        0066
_ADRESH                               (abs)        001E
_ADRESL                               (abs)        009E
_ANSEL                                (abs)        0188
_ANSELH                               (abs)        0189
_BRG16                                (abs)        0C3B
_BRGH                                 (abs)        04C2
_CCP1IF                               (abs)        0062
_CCP1M0                               (abs)        00B8
_CCP1M1                               (abs)        00B9
_CCP1M2                               (abs)        00BA
_CCP1M3                               (abs)        00BB
_CCPR1                                (abs)        0015
_CHS1                                 (abs)        00FB
_CREN                                 (abs)        00C4
_Delay20us                            text19       07EA
_DelayMs                              text20       07A8
_GIE                                  (abs)        005F
_GO                                   (abs)        00F9
_OPTION_REG                           (abs)        0081
_PEIE                                 (abs)        005E
_PORTA                                (abs)        0005
_PORTB                                (abs)        0006
_PORTD                                (abs)        0008
_PR2                                  (abs)        0092
_RB1                                  (abs)        0031
_RB2                                  (abs)        0032
_RB5                                  (abs)        0035
_RCIE                                 (abs)        0465
_RCIF                                 (abs)        0065
_RCREG                                (abs)        001A
_RX9                                  (abs)        00C6
_SCS                                  (abs)        0478
_SPBRG                                (abs)        0099
_SPEN                                 (abs)        00C7
_SYNC                                 (abs)        04C4
_T0IF                                 (abs)        005A
_T1CKPS0                              (abs)        0084
_T1CKPS1                              (abs)        0085
_T2CON                                (abs)        0012
_TMR0                                 (abs)        0001
_TMR1                                 (abs)        000E
_TMR1CS                               (abs)        0081
_TMR1GE                               (abs)        0086
_TMR1ON                               (abs)        0080
_TMR2                                 (abs)        0011
_TMR2IE                               (abs)        0461
_TMR2IF                               (abs)        0061
_TRISA                                (abs)        0085
_TRISB                                (abs)        0086
_TRISC                                (abs)        0087
_TRISD                                (abs)        0088
_TX9                                  (abs)        04C6
_TXEN                                 (abs)        04C5
_WPUB                                 (abs)        0095
__CFG_BOR4V$BOR21V                    (abs)        0000
__CFG_BOREN$OFF                       (abs)        0000
__CFG_CP$OFF                          (abs)        0000
__CFG_CPD$OFF                         (abs)        0000
__CFG_FCMEN$OFF                       (abs)        0000
__CFG_FOSC$HS                         (abs)        0000
__CFG_IESO$OFF                        (abs)        0000
__CFG_LVP$OFF                         (abs)        0000
__CFG_MCLRE$ON                        (abs)        0000
__CFG_PWRTE$OFF                       (abs)        0000
__CFG_WDTE$OFF                        (abs)        0000
__CFG_WRT$OFF                         (abs)        0000
__Habs1                               abs1         0000
__Hbank0                              bank0        0000
__Hbank1                              bank1        0000
__Hbank2                              bank2        0000
__Hbank3                              bank3        0000
__HbssBANK0                           bssBANK0     0000
__HbssBANK1                           bssBANK1     0000
__HbssBANK3                           bssBANK3     0000
__HbssCOMMON                          bssCOMMON    0000
__Hcinit                              cinit        0046
__Hclrtext                            clrtext      0000
__Hcode                               code         0000
__Hcommon                             common       0000
__Hconfig                             config       2009
__HcstackBANK0                        cstackBANK0  0000
__HcstackCOMMON                       cstackCOMMON 0000
__HdataBANK0                          dataBANK0    0000
__HdataCOMMON                         dataCOMMON   0000
__Heeprom_data                        eeprom_data  0000
__Hend_init                           end_init     000F
__Hfunctab                            functab      0000
__HidataBANK0                         idataBANK0   0000
__HidataCOMMON                        idataCOMMON  0000
__Hidloc                              idloc        0000
__Hinit                               init         000C
__Hintentry                           intentry     000C
__Hmaintext                           maintext     0000
__Hpowerup                            powerup      0000
__Hram                                ram          0000
__Hreset_vec                          reset_vec    0003
__Hsfr0                               sfr0         0000
__Hsfr1                               sfr1         0000
__Hsfr2                               sfr2         0000
__Hsfr3                               sfr3         0000
__Hspace_0                            (abs)        2009
__Hspace_1                            (abs)        01B0
__Hspace_2                            (abs)        0000
__Hspace_3                            (abs)        0000
__Hstack                              stack        0000
__Hstrings                            strings      0000
__Htext                               text         0000
__Labs1                               abs1         0000
__Lbank0                              bank0        0000
__Lbank1                              bank1        0000
__Lbank2                              bank2        0000
__Lbank3                              bank3        0000
__LbssBANK0                           bssBANK0     0000
__LbssBANK1                           bssBANK1     0000
__LbssBANK3                           bssBANK3     0000
__LbssCOMMON                          bssCOMMON    0000
__Lcinit                              cinit        000F
__Lclrtext                            clrtext      0000
__Lcode                               code         0000
__Lcommon                             common       0000
__Lconfig                             config       2007
__LcstackBANK0                        cstackBANK0  0000
__LcstackCOMMON                       cstackCOMMON 0000
__LdataBANK0                          dataBANK0    0000
__LdataCOMMON                         dataCOMMON   0000
__Leeprom_data                        eeprom_data  0000
__Lend_init                           end_init     000C
__Lfunctab                            functab      0000
__LidataBANK0                         idataBANK0   0000
__LidataCOMMON                        idataCOMMON  0000
__Lidloc                              idloc        0000
__Linit                               init         000C
__Lintentry                           intentry     0004
__Lmaintext                           maintext     0000
__Lpowerup                            powerup      0000
__Lram                                ram          0000
__Lreset_vec                          reset_vec    0000
__Lsfr0                               sfr0         0000
__Lsfr1                               sfr1         0000
__Lsfr2                               sfr2         0000
__Lsfr3                               sfr3         0000
__Lspace_0                            (abs)        0000
__Lspace_1                            (abs)        0000
__Lspace_2                            (abs)        0000
__Lspace_3                            (abs)        0000
__Lstack                              stack        0000
__Lstrings                            strings      0000
__Ltext                               text         0000
__S0                                  (abs)        2009
__S1                                  (abs)        01B0
__S2                                  (abs)        0000
__S3                                  (abs)        0000
___awdiv                              text13       044F
___awdiv@counter                      cstackBANK0  0020
___awdiv@dividend                     cstackCOMMON 0075
___awdiv@divisor                      cstackCOMMON 0073
___awdiv@quotient                     cstackBANK0  0022
___awdiv@sign                         cstackBANK0  0021
___int_sp                             stack        0000
___latbits                            (abs)        0002
___sp                                 stack        0000
___stackhi                            (abs)        0000
___stacklo                            (abs)        0000
__end_of_Delay20us                    text19       07F6
__end_of_DelayMs                      text20       07BF
__end_of___awdiv                      text13       04B8
__end_of__initialization              cinit        0042
__end_of__stringtab                   strings      0349
__end_of_display_gameboard            text4        06B7
__end_of_gameboard_init               text10       051C
__end_of_get_current_char             text22       1000
__end_of_get_cursor_index             text21       07DE
__end_of_interrupt_handler            text23       06F2
__end_of_joystick_init                text9        0774
__end_of_lcd_clear                    text17       07A8
__end_of_lcd_goto                     text16       0790
__end_of_lcd_init                     text7        05CD
__end_of_lcd_putch                    text5        07D1
__end_of_lcd_puts                     text6        074F
__end_of_lcd_set_custom_char          text15       061F
__end_of_lcd_write                    text18       066E
__end_of_main                         maintext     029F
__end_of_make_custom_chars            text14       044F
__end_of_randomize_gameboard          text12       057B
__end_of_time_init                    text11       07EA
__end_of_tmr0_init                    text8        0FF5
__end_of_toggle_cursor                text3        0724
__end_of_update_cursor                text2        0343
__end_of_update_gameboard_from_input  text1        01B0
__end_ofmake_custom_chars@PIC         strings      0351
__end_ofmake_custom_chars@RH          strings      0359
__end_ofmake_custom_chars@club        strings      0369
__end_ofmake_custom_chars@diamond     strings      0381
__end_ofmake_custom_chars@heart       strings      0379
__end_ofmake_custom_chars@skull       strings      0361
__end_ofmake_custom_chars@smile       strings      0389
__end_ofmake_custom_chars@spade       strings      0371
__initialization                      cinit        000F
__pbssBANK0                           bssBANK0     004C
__pbssBANK1                           bssBANK1     00A0
__pbssBANK3                           bssBANK3     0190
__pbssCOMMON                          bssCOMMON    007A
__pcstackBANK0                        cstackBANK0  0020
__pcstackCOMMON                       cstackCOMMON 0070
__pdataBANK0                          dataBANK0    0057
__pdataCOMMON                         dataCOMMON   0078
__pidataBANK0                         idataBANK0   0FEB
__pidataCOMMON                        idataCOMMON  07FE
__pintentry                           intentry     0004
__pmaintext                           maintext     01B0
__pstrings                            strings      0343
__ptext1                              text1        0046
__ptext10                             text10       04B8
__ptext11                             text11       07DE
__ptext12                             text12       051C
__ptext13                             text13       044F
__ptext14                             text14       03D3
__ptext15                             text15       05CD
__ptext16                             text16       0774
__ptext17                             text17       0790
__ptext18                             text18       061F
__ptext19                             text19       07EA
__ptext2                              text2        029F
__ptext20                             text20       07A8
__ptext21                             text21       07D1
__ptext22                             text22       0FF5
__ptext23                             text23       06B7
__ptext3                              text3        06F2
__ptext4                              text4        066E
__ptext5                              text5        07BF
__ptext6                              text6        0724
__ptext7                              text7        057B
__ptext8                              text8        0FED
__ptext9                              text9        074F
__size_of_Delay20us                   (abs)        0000
__size_of_DelayMs                     (abs)        0000
__size_of___awdiv                     (abs)        0000
__size_of_display_gameboard           (abs)        0000
__size_of_gameboard_init              (abs)        0000
__size_of_get_current_char            (abs)        0000
__size_of_get_cursor_index            (abs)        0000
__size_of_interrupt_handler           (abs)        0000
__size_of_joystick_init               (abs)        0000
__size_of_lcd_clear                   (abs)        0000
__size_of_lcd_goto                    (abs)        0000
__size_of_lcd_init                    (abs)        0000
__size_of_lcd_putch                   (abs)        0000
__size_of_lcd_puts                    (abs)        0000
__size_of_lcd_set_custom_char         (abs)        0000
__size_of_lcd_write                   (abs)        0000
__size_of_main                        (abs)        0000
__size_of_make_custom_chars           (abs)        0000
__size_of_randomize_gameboard         (abs)        0000
__size_of_time_init                   (abs)        0000
__size_of_tmr0_init                   (abs)        0000
__size_of_toggle_cursor               (abs)        0000
__size_of_update_cursor               (abs)        0000
__size_of_update_gameboard_from_input (abs)        0000
__stringbase                          strings      0348
__stringtab                           strings      0343
_board                                bssBANK1     00C0
_current_char                         bssBANK0     0055
_cursor_movable                       bssBANK0     0051
_cursor_move_delay_count              bssBANK0     0052
_cursor_pos                           bssBANK0     0056
_cursor_solid                         bssBANK0     0054
_delay_loops                          bssBANK0     0053
_display_gameboard                    text4        066E
_gameboard_init                       text10       04B8
_get_current_char                     text22       0FF5
_get_cursor_index                     text21       07D1
_interrupt_handler                    text23       06B7
_joystick_init                        text9        074F
_joystick_x_pos                       bssBANK0     004E
_joystick_y_pos                       bssBANK0     004C
_lcd_clear                            text17       0790
_lcd_goto                             text16       0774
_lcd_init                             text7        057B
_lcd_putch                            text5        07BF
_lcd_puts                             text6        0724
_lcd_set_custom_char                  text15       05CD
_lcd_write                            text18       061F
_main                                 maintext     01B0
_make_custom_chars                    text14       03D3
_nRBPU                                (abs)        040F
_randomize_gameboard                  text12       051C
_recieved_char                        bssBANK0     0050
_time_init                            text11       07DE
_tmr0_init                            text8        0FED
_toggle_cursor                        text3        06F2
_update_cursor                        text2        029F
_update_gameboard_from_input          text1        0046
_visible                              bssBANK1     00A0
btemp                                 (abs)        007E
clear_ram0                            clrtext      07F6
display_gameboard@i                   cstackBANK0  0028
end_of_initialization                 cinit        0042
gameboard_init@cursor_init_pos        cstackBANK0  004A
gameboard_init@i                      cstackBANK0  004B
interrupt_function                    intentry     0004
intlevel0                             functab      0000
intlevel1                             functab      0000
intlevel2                             functab      0000
intlevel3                             functab      0000
intlevel4                             functab      0000
intlevel5                             functab      0000
lcd_clear@port                        cstackBANK0  0023
lcd_goto@port                         cstackBANK0  0023
lcd_goto@position                     cstackBANK0  0026
lcd_init@port                         cstackBANK0  0025
lcd_putch@character                   cstackBANK0  0026
lcd_putch@port                        cstackBANK0  0023
lcd_puts@port                         cstackBANK0  0023
lcd_puts@string                       cstackBANK0  0026
lcd_set_custom_char@cg_address        cstackBANK0  0023
lcd_set_custom_char@data              cstackBANK0  0029
lcd_set_custom_char@port              cstackBANK0  0024
lcd_set_custom_char@row               cstackBANK0  0028
lcd_write@CmdChar                     cstackCOMMON 0075
lcd_write@mode                        cstackBANK0  0022
lcd_write@port                        cstackCOMMON 0076
make_custom_chars@PIC                 strings      0349
make_custom_chars@RH                  strings      0351
make_custom_chars@club                strings      0361
make_custom_chars@diamond             strings      0379
make_custom_chars@heart               strings      0371
make_custom_chars@skull               strings      0359
make_custom_chars@smile               strings      0381
make_custom_chars@spade               strings      0369
randomize_gameboard@current           cstackBANK0  0047
randomize_gameboard@random            cstackBANK0  0048
randomize_gameboard@used              cstackBANK0  0027
reset_vec                             reset_vec    0000
saved_w                               (abs)        007E
start                                 init         000C
start_initialization                  cinit        000F
update_cursor@direction               cstackBANK0  0027
update_cursor@move_delay_count        cstackBANK0  002A
wtemp0                                (abs)        007E


FUNCTION INFORMATION:

 *************** function _main *****************
 Defined at:
		line 65 in file "concentration.c"
 Parameters:    Size  Location     Type
		None
 Auto vars:     Size  Location     Type
		None
 Return value:  Size  Location     Type
                  1    wreg      void 
 Registers used:
		wreg, fsr0l, fsr0h, status,2, status,0, btemp+1, pclath, cstack
 Tracked objects:
		On entry : 
		On exit  : 
		Unchanged: 
 Data sizes:     COMMON   BANK0   BANK1   BANK3   BANK2
      Params:         0       0       0       0       0
      Locals:         0       0       0       0       0
      Temps:          0       0       0       0       0
      Totals:         0       0       0       0       0
Total ram usage:        0 bytes
 Hardware stack levels required when called:    6
 This function calls:
		_DelayMs
		_display_gameboard
		_gameboard_init
		_joystick_init
		_lcd_clear
		_lcd_goto
		_lcd_init
		_lcd_puts
		_update_gameboard_from_input
 This function is called by:
		Startup code after reset
 This function uses a non-reentrant model


 *************** function _update_gameboard_from_input *****************
 Defined at:
		line 186 in file "concentration.c"
 Parameters:    Size  Location     Type
		None
 Auto vars:     Size  Location     Type
		None
 Return value:  Size  Location     Type
                  1    wreg      void 
 Registers used:
		wreg, fsr0l, fsr0h, status,2, status,0, btemp+1, pclath, cstack
 Tracked objects:
		On entry : 
		On exit  : 
		Unchanged: 
 Data sizes:     COMMON   BANK0   BANK1   BANK3   BANK2
      Params:         0       0       0       0       0
      Locals:         0       0       0       0       0
      Temps:          0       2       0       0       0
      Totals:         0       2       0       0       0
Total ram usage:        2 bytes
 Hardware stack levels used:    1
 Hardware stack levels required when called:    5
 This function calls:
		_display_gameboard
		_get_cursor_index
		_toggle_cursor
		_update_cursor
 This function is called by:
		_main
 This function uses a non-reentrant model


 *************** function _update_cursor *****************
 Defined at:
		line 250 in file "concentration.c"
 Parameters:    Size  Location     Type
  move_delay_c    1    wreg     unsigned char 
  direction       1    7[BANK0 ] unsigned char 
 Auto vars:     Size  Location     Type
  move_delay_c    1   10[BANK0 ] unsigned char 
 Return value:  Size  Location     Type
                  1    wreg      void 
 Registers used:
		wreg, fsr0l, fsr0h, status,2, status,0, pclath, cstack
 Tracked objects:
		On entry : 
		On exit  : 
		Unchanged: 
 Data sizes:     COMMON   BANK0   BANK1   BANK3   BANK2
      Params:         0       1       0       0       0
      Locals:         0       1       0       0       0
      Temps:          0       2       0       0       0
      Totals:         0       4       0       0       0
Total ram usage:        4 bytes
 Hardware stack levels used:    1
 Hardware stack levels required when called:    4
 This function calls:
		_get_current_char
		_get_cursor_index
		_lcd_goto
		_lcd_putch
 This function is called by:
		_update_gameboard_from_input
 This function uses a non-reentrant model


 *************** function _toggle_cursor *****************
 Defined at:
		line 299 in file "concentration.c"
 Parameters:    Size  Location     Type
		None
 Auto vars:     Size  Location     Type
		None
 Return value:  Size  Location     Type
                  1    wreg      void 
 Registers used:
		wreg, fsr0l, fsr0h, status,2, status,0, pclath, cstack
 Tracked objects:
		On entry : 
		On exit  : 
		Unchanged: 
 Data sizes:     COMMON   BANK0   BANK1   BANK3   BANK2
      Params:         0       0       0       0       0
      Locals:         0       0       0       0       0
      Temps:          0       0       0       0       0
      Totals:         0       0       0       0       0
Total ram usage:        0 bytes
 Hardware stack levels used:    1
 Hardware stack levels required when called:    4
 This function calls:
		_get_cursor_index
		_lcd_goto
		_lcd_putch
 This function is called by:
		_update_gameboard_from_input
 This function uses a non-reentrant model


 *************** function _display_gameboard *****************
 Defined at:
		line 111 in file "concentration.c"
 Parameters:    Size  Location     Type
		None
 Auto vars:     Size  Location     Type
  i               1    8[BANK0 ] unsigned char 
 Return value:  Size  Location     Type
                  1    wreg      void 
 Registers used:
		wreg, fsr0l, fsr0h, status,2, status,0, pclath, cstack
 Tracked objects:
		On entry : 
		On exit  : 
		Unchanged: 
 Data sizes:     COMMON   BANK0   BANK1   BANK3   BANK2
      Params:         0       0       0       0       0
      Locals:         0       1       0       0       0
      Temps:          0       1       0       0       0
      Totals:         0       2       0       0       0
Total ram usage:        2 bytes
 Hardware stack levels used:    1
 Hardware stack levels required when called:    4
 This function calls:
		_get_cursor_index
		_lcd_clear
		_lcd_goto
		_lcd_putch
 This function is called by:
		_main
		_update_gameboard_from_input
 This function uses a non-reentrant model


 *************** function _lcd_putch *****************
 Defined at:
		line 136 in file "lcd4bits.c"
 Parameters:    Size  Location     Type
  character       1    wreg     unsigned char 
  port            2    3[BANK0 ] PTR unsigned char 
		 -> PORTA(1), 
 Auto vars:     Size  Location     Type
  character       1    6[BANK0 ] unsigned char 
 Return value:  Size  Location     Type
                  1    wreg      void 
 Registers used:
		wreg, fsr0l, fsr0h, status,2, status,0, pclath, cstack
 Tracked objects:
		On entry : 
		On exit  : 
		Unchanged: 
 Data sizes:     COMMON   BANK0   BANK1   BANK3   BANK2
      Params:         0       2       0       0       0
      Locals:         0       1       0       0       0
      Temps:          0       1       0       0       0
      Totals:         0       4       0       0       0
Total ram usage:        4 bytes
 Hardware stack levels used:    1
 Hardware stack levels required when called:    3
 This function calls:
		_lcd_write
 This function is called by:
		_display_gameboard
		_update_cursor
		_toggle_cursor
 This function uses a non-reentrant model


 *************** function _lcd_puts *****************
 Defined at:
		line 129 in file "lcd4bits.c"
 Parameters:    Size  Location     Type
  string          1    wreg     PTR const unsigned char 
		 -> STR_5(16), STR_4(12), STR_3(13), STR_2(17), 
		 -> STR_1(16), 
  port            2    3[BANK0 ] PTR unsigned char 
		 -> PORTD(1), PORTA(1), 
 Auto vars:     Size  Location     Type
  string          1    6[BANK0 ] PTR const unsigned char 
		 -> STR_5(16), STR_4(12), STR_3(13), STR_2(17), 
		 -> STR_1(16), 
 Return value:  Size  Location     Type
                  1    wreg      void 
 Registers used:
		wreg, fsr0l, fsr0h, status,2, status,0, pclath, cstack
 Tracked objects:
		On entry : 
		On exit  : 
		Unchanged: 
 Data sizes:     COMMON   BANK0   BANK1   BANK3   BANK2
      Params:         0       2       0       0       0
      Locals:         0       1       0       0       0
      Temps:          0       1       0       0       0
      Totals:         0       4       0       0       0
Total ram usage:        4 bytes
 Hardware stack levels used:    1
 Hardware stack levels required when called:    3
 This function calls:
		_lcd_write
 This function is called by:
		_main
 This function uses a non-reentrant model


 *************** function _lcd_init *****************
 Defined at:
		line 155 in file "lcd4bits.c"
 Parameters:    Size  Location     Type
  port            2    5[BANK0 ] PTR unsigned char 
		 -> PORTD(1), PORTA(1), 
 Auto vars:     Size  Location     Type
		None
 Return value:  Size  Location     Type
                  1    wreg      void 
 Registers used:
		wreg, fsr0l, fsr0h, status,2, status,0, pclath, cstack
 Tracked objects:
		On entry : 
		On exit  : 
		Unchanged: 
 Data sizes:     COMMON   BANK0   BANK1   BANK3   BANK2
      Params:         0       2       0       0       0
      Locals:         0       0       0       0       0
      Temps:          0       1       0       0       0
      Totals:         0       3       0       0       0
Total ram usage:        3 bytes
 Hardware stack levels used:    1
 Hardware stack levels required when called:    4
 This function calls:
		_DelayMs
		_lcd_clear
		_lcd_write
		_tmr0_init
 This function is called by:
		_main
 This function uses a non-reentrant model


 *************** function _tmr0_init *****************
 Defined at:
		line 72 in file "lcd4bits.c"
 Parameters:    Size  Location     Type
		None
 Auto vars:     Size  Location     Type
		None
 Return value:  Size  Location     Type
                  1    wreg      void 
 Registers used:
		wreg, status,2, status,0
 Tracked objects:
		On entry : 
		On exit  : 
		Unchanged: 
 Data sizes:     COMMON   BANK0   BANK1   BANK3   BANK2
      Params:         0       0       0       0       0
      Locals:         0       0       0       0       0
      Temps:          1       0       0       0       0
      Totals:         1       0       0       0       0
Total ram usage:        1 bytes
 Hardware stack levels used:    1
 Hardware stack levels required when called:    1
 This function calls:
		Nothing
 This function is called by:
		_lcd_init
 This function uses a non-reentrant model


 *************** function _joystick_init *****************
 Defined at:
		line 328 in file "concentration.c"
 Parameters:    Size  Location     Type
		None
 Auto vars:     Size  Location     Type
		None
 Return value:  Size  Location     Type
                  1    wreg      void 
 Registers used:
		wreg, status,2
 Tracked objects:
		On entry : 
		On exit  : 
		Unchanged: 
 Data sizes:     COMMON   BANK0   BANK1   BANK3   BANK2
      Params:         0       0       0       0       0
      Locals:         0       0       0       0       0
      Temps:          0       0       0       0       0
      Totals:         0       0       0       0       0
Total ram usage:        0 bytes
 Hardware stack levels used:    1
 Hardware stack levels required when called:    1
 This function calls:
		Nothing
 This function is called by:
		_main
 This function uses a non-reentrant model


 *************** function _gameboard_init *****************
 Defined at:
		line 142 in file "concentration.c"
 Parameters:    Size  Location     Type
  cursor_init_    1    wreg     unsigned char 
 Auto vars:     Size  Location     Type
  cursor_init_    1   42[BANK0 ] unsigned char 
  i               1   43[BANK0 ] unsigned char 
 Return value:  Size  Location     Type
                  1    wreg      void 
 Registers used:
		wreg, fsr0l, fsr0h, status,2, status,0, btemp+1, pclath, cstack
 Tracked objects:
		On entry : 
		On exit  : 
		Unchanged: 
 Data sizes:     COMMON   BANK0   BANK1   BANK3   BANK2
      Params:         0       0       0       0       0
      Locals:         0       2       0       0       0
      Temps:          0       1       0       0       0
      Totals:         0       3       0       0       0
Total ram usage:        3 bytes
 Hardware stack levels used:    1
 Hardware stack levels required when called:    5
 This function calls:
		_get_current_char
		_get_cursor_index
		_lcd_clear
		_lcd_goto
		_make_custom_chars
		_randomize_gameboard
		_time_init
 This function is called by:
		_main
 This function uses a non-reentrant model


 *************** function _time_init *****************
 Defined at:
		line 316 in file "concentration.c"
 Parameters:    Size  Location     Type
		None
 Auto vars:     Size  Location     Type
		None
 Return value:  Size  Location     Type
                  1    wreg      void 
 Registers used:
		None
 Tracked objects:
		On entry : 
		On exit  : 
		Unchanged: 
 Data sizes:     COMMON   BANK0   BANK1   BANK3   BANK2
      Params:         0       0       0       0       0
      Locals:         0       0       0       0       0
      Temps:          0       0       0       0       0
      Totals:         0       0       0       0       0
Total ram usage:        0 bytes
 Hardware stack levels used:    1
 Hardware stack levels required when called:    1
 This function calls:
		Nothing
 This function is called by:
		_gameboard_init
 This function uses a non-reentrant model


 *************** function _randomize_gameboard *****************
 Defined at:
		line 171 in file "concentration.c"
 Parameters:    Size  Location     Type
		None
 Auto vars:     Size  Location     Type
  used           32    7[BANK0 ] unsigned char [32]
  random          1   40[BANK0 ] unsigned char 
  current         1   39[BANK0 ] unsigned char 
 Return value:  Size  Location     Type
                  1    wreg      void 
 Registers used:
		wreg, fsr0l, fsr0h, status,2, status,0, btemp+1, pclath, cstack
 Tracked objects:
		On entry : 
		On exit  : 
		Unchanged: 
 Data sizes:     COMMON   BANK0   BANK1   BANK3   BANK2
      Params:         0       0       0       0       0
      Locals:         0      34       0       0       0
      Temps:          0       3       0       0       0
      Totals:         0      37       0       0       0
Total ram usage:       37 bytes
 Hardware stack levels used:    1
 Hardware stack levels required when called:    2
 This function calls:
		_DelayMs
		___awdiv
 This function is called by:
		_gameboard_init
 This function uses a non-reentrant model


 *************** function ___awdiv *****************
 Defined at:
		line 5 in file "C:\Program Files (x86)\Microchip\xc8\v2.10\pic\sources\c90\common\awdiv.c"
 Parameters:    Size  Location     Type
  divisor         2    3[COMMON] int 
  dividend        2    5[COMMON] int 
 Auto vars:     Size  Location     Type
  quotient        2    2[BANK0 ] int 
  sign            1    1[BANK0 ] unsigned char 
  counter         1    0[BANK0 ] unsigned char 
 Return value:  Size  Location     Type
                  2    3[COMMON] int 
 Registers used:
		wreg, status,2, status,0
 Tracked objects:
		On entry : 
		On exit  : 
		Unchanged: 
 Data sizes:     COMMON   BANK0   BANK1   BANK3   BANK2
      Params:         4       0       0       0       0
      Locals:         0       4       0       0       0
      Temps:          1       0       0       0       0
      Totals:         5       4       0       0       0
Total ram usage:        9 bytes
 Hardware stack levels used:    1
 Hardware stack levels required when called:    1
 This function calls:
		Nothing
 This function is called by:
		_randomize_gameboard
 This function uses a non-reentrant model


 *************** function _make_custom_chars *****************
 Defined at:
		line 123 in file "concentration.c"
 Parameters:    Size  Location     Type
		None
 Auto vars:     Size  Location     Type
		None
 Return value:  Size  Location     Type
                  1    wreg      void 
 Registers used:
		wreg, fsr0l, fsr0h, status,2, status,0, pclath, cstack
 Tracked objects:
		On entry : 
		On exit  : 
		Unchanged: 
 Data sizes:     COMMON   BANK0   BANK1   BANK3   BANK2
      Params:         0       0       0       0       0
      Locals:         0       0       0       0       0
      Temps:          0       1       0       0       0
      Totals:         0       1       0       0       0
Total ram usage:        1 bytes
 Hardware stack levels used:    1
 Hardware stack levels required when called:    4
 This function calls:
		_lcd_set_custom_char
 This function is called by:
		_gameboard_init
 This function uses a non-reentrant model


 *************** function _lcd_set_custom_char *****************
 Defined at:
		line 166 in file "lcd4bits.c"
 Parameters:    Size  Location     Type
  data            1    wreg     PTR const unsigned char 
		 -> make_custom_chars@PIC(8), make_custom_chars@RH(8), make_custom_chars@skull(8), make_custom_chars@club(8), 
		 -> make_custom_chars@spade(8), make_custom_chars@heart(8), make_custom_chars@diamond(8), make_custom_chars@smile(8), 
  cg_address      1    3[BANK0 ] unsigned char 
  port            2    4[BANK0 ] PTR unsigned char 
		 -> PORTA(1), 
 Auto vars:     Size  Location     Type
  data            1    9[BANK0 ] PTR const unsigned char 
		 -> make_custom_chars@PIC(8), make_custom_chars@RH(8), make_custom_chars@skull(8), make_custom_chars@club(8), 
		 -> make_custom_chars@spade(8), make_custom_chars@heart(8), make_custom_chars@diamond(8), make_custom_chars@smile(8), 
  row             1    8[BANK0 ] unsigned char 
 Return value:  Size  Location     Type
                  1    wreg      void 
 Registers used:
		wreg, fsr0l, fsr0h, status,2, status,0, pclath, cstack
 Tracked objects:
		On entry : 
		On exit  : 
		Unchanged: 
 Data sizes:     COMMON   BANK0   BANK1   BANK3   BANK2
      Params:         0       3       0       0       0
      Locals:         0       2       0       0       0
      Temps:          0       2       0       0       0
      Totals:         0       7       0       0       0
Total ram usage:        7 bytes
 Hardware stack levels used:    1
 Hardware stack levels required when called:    3
 This function calls:
		_lcd_write
 This function is called by:
		_make_custom_chars
 This function uses a non-reentrant model


 *************** function _lcd_goto *****************
 Defined at:
		line 146 in file "lcd4bits.c"
 Parameters:    Size  Location     Type
  position        1    wreg     unsigned char 
  port            2    3[BANK0 ] PTR unsigned char 
		 -> PORTD(1), PORTA(1), 
 Auto vars:     Size  Location     Type
  position        1    6[BANK0 ] unsigned char 
 Return value:  Size  Location     Type
                  1    wreg      void 
 Registers used:
		wreg, fsr0l, fsr0h, status,2, status,0, pclath, cstack
 Tracked objects:
		On entry : 
		On exit  : 
		Unchanged: 
 Data sizes:     COMMON   BANK0   BANK1   BANK3   BANK2
      Params:         0       2       0       0       0
      Locals:         0       1       0       0       0
      Temps:          0       1       0       0       0
      Totals:         0       4       0       0       0
Total ram usage:        4 bytes
 Hardware stack levels used:    1
 Hardware stack levels required when called:    3
 This function calls:
		_DelayMs
		_lcd_write
 This function is called by:
		_main
		_display_gameboard
		_gameboard_init
		_update_cursor
		_toggle_cursor
 This function uses a non-reentrant model


 *************** function _lcd_clear *****************
 Defined at:
		line 123 in file "lcd4bits.c"
 Parameters:    Size  Location     Type
  port            2    3[BANK0 ] PTR unsigned char 
		 -> PORTD(1), PORTA(1), 
 Auto vars:     Size  Location     Type
		None
 Return value:  Size  Location     Type
                  1    wreg      void 
 Registers used:
		wreg, fsr0l, fsr0h, status,2, status,0, pclath, cstack
 Tracked objects:
		On entry : 
		On exit  : 
		Unchanged: 
 Data sizes:     COMMON   BANK0   BANK1   BANK3   BANK2
      Params:         0       2       0       0       0
      Locals:         0       0       0       0       0
      Temps:          0       0       0       0       0
      Totals:         0       2       0       0       0
Total ram usage:        2 bytes
 Hardware stack levels used:    1
 Hardware stack levels required when called:    3
 This function calls:
		_DelayMs
		_lcd_write
 This function is called by:
		_main
		_display_gameboard
		_gameboard_init
		_lcd_init
 This function uses a non-reentrant model


 *************** function _lcd_write *****************
 Defined at:
		line 110 in file "lcd4bits.c"
 Parameters:    Size  Location     Type
  mode            1    wreg     unsigned char 
  CmdChar         1    5[COMMON] unsigned char 
  port            2    6[COMMON] PTR unsigned char 
		 -> PORTD(1), PORTA(1), 
 Auto vars:     Size  Location     Type
  mode            1    2[BANK0 ] unsigned char 
 Return value:  Size  Location     Type
                  1    wreg      void 
 Registers used:
		wreg, fsr0l, fsr0h, status,2, status,0, pclath, cstack
 Tracked objects:
		On entry : 
		On exit  : 
		Unchanged: 
 Data sizes:     COMMON   BANK0   BANK1   BANK3   BANK2
      Params:         3       0       0       0       0
      Locals:         0       1       0       0       0
      Temps:          0       2       0       0       0
      Totals:         3       3       0       0       0
Total ram usage:        6 bytes
 Hardware stack levels used:    1
 Hardware stack levels required when called:    2
 This function calls:
		_Delay20us
 This function is called by:
		_lcd_clear
		_lcd_puts
		_lcd_putch
		_lcd_goto
		_lcd_init
		_lcd_set_custom_char
 This function uses a non-reentrant model


 *************** function _Delay20us *****************
 Defined at:
		line 99 in file "lcd4bits.c"
 Parameters:    Size  Location     Type
		None
 Auto vars:     Size  Location     Type
  next            1    4[COMMON] unsigned char 
 Return value:  Size  Location     Type
                  1    wreg      void 
 Registers used:
		wreg, status,2, status,0
 Tracked objects:
		On entry : 
		On exit  : 
		Unchanged: 
 Data sizes:     COMMON   BANK0   BANK1   BANK3   BANK2
      Params:         0       0       0       0       0
      Locals:         1       0       0       0       0
      Temps:          1       0       0       0       0
      Totals:         2       0       0       0       0
Total ram usage:        2 bytes
 Hardware stack levels used:    1
 Hardware stack levels required when called:    1
 This function calls:
		Nothing
 This function is called by:
		_lcd_write
 This function uses a non-reentrant model


 *************** function _DelayMs *****************
 Defined at:
		line 86 in file "lcd4bits.c"
 Parameters:    Size  Location     Type
  millis          2    3[COMMON] unsigned int 
 Auto vars:     Size  Location     Type
		None
 Return value:  Size  Location     Type
                  1    wreg      void 
 Registers used:
		wreg, status,2, status,0
 Tracked objects:
		On entry : 
		On exit  : 
		Unchanged: 
 Data sizes:     COMMON   BANK0   BANK1   BANK3   BANK2
      Params:         2       0       0       0       0
      Locals:         0       0       0       0       0
      Temps:          0       0       0       0       0
      Totals:         2       0       0       0       0
Total ram usage:        2 bytes
 Hardware stack levels used:    1
 Hardware stack levels required when called:    1
 This function calls:
		Nothing
 This function is called by:
		_main
		_randomize_gameboard
		_lcd_clear
		_lcd_goto
		_lcd_init
 This function uses a non-reentrant model


 *************** function _get_cursor_index *****************
 Defined at:
		line 164 in file "concentration.c"
 Parameters:    Size  Location     Type
		None
 Auto vars:     Size  Location     Type
		None
 Return value:  Size  Location     Type
                  1    wreg      unsigned char 
 Registers used:
		wreg, status,2, status,0
 Tracked objects:
		On entry : 
		On exit  : 
		Unchanged: 
 Data sizes:     COMMON   BANK0   BANK1   BANK3   BANK2
      Params:         0       0       0       0       0
      Locals:         0       0       0       0       0
      Temps:          0       0       0       0       0
      Totals:         0       0       0       0       0
Total ram usage:        0 bytes
 Hardware stack levels used:    1
 Hardware stack levels required when called:    1
 This function calls:
		Nothing
 This function is called by:
		_display_gameboard
		_gameboard_init
		_update_gameboard_from_input
		_update_cursor
		_toggle_cursor
 This function uses a non-reentrant model


 *************** function _get_current_char *****************
 Defined at:
		line 310 in file "concentration.c"
 Parameters:    Size  Location     Type
		None
 Auto vars:     Size  Location     Type
		None
 Return value:  Size  Location     Type
                  1    wreg      void 
 Registers used:
		wreg, fsr0l, fsr0h, status,2, status,0
 Tracked objects:
		On entry : 
		On exit  : 
		Unchanged: 
 Data sizes:     COMMON   BANK0   BANK1   BANK3   BANK2
      Params:         0       0       0       0       0
      Locals:         0       0       0       0       0
      Temps:          1       0       0       0       0
      Totals:         1       0       0       0       0
Total ram usage:        1 bytes
 Hardware stack levels used:    1
 Hardware stack levels required when called:    1
 This function calls:
		Nothing
 This function is called by:
		_gameboard_init
		_update_cursor
 This function uses a non-reentrant model


 *************** function _interrupt_handler *****************
 Defined at:
		line 344 in file "concentration.c"
 Parameters:    Size  Location     Type
		None
 Auto vars:     Size  Location     Type
		None
 Return value:  Size  Location     Type
                  1    wreg      void 
 Registers used:
		wreg, status,2, status,0
 Tracked objects:
		On entry : 
		On exit  : 
		Unchanged: 
 Data sizes:     COMMON   BANK0   BANK1   BANK3   BANK2
      Params:         0       0       0       0       0
      Locals:         0       0       0       0       0
      Temps:          3       0       0       0       0
      Totals:         3       0       0       0       0
Total ram usage:        3 bytes
 Hardware stack levels used:    1
 This function calls:
		Nothing
 This function is called by:
		Interrupt level 1
 This function uses a non-reentrant model



MODULE INFORMATION

Module		Function		Class		Link	Load	Size
lcd4bits.c
		_lcd_puts      		CODE           	0724	0000	44
		_lcd_putch     		CODE           	07BF	0000	19
		_lcd_set_custom_char		CODE           	05CD	0000	83
		_DelayMs       		CODE           	07A8	0000	24
		_lcd_clear     		CODE           	0790	0000	25
		_lcd_goto      		CODE           	0774	0000	29
		_lcd_write     		CODE           	061F	0000	80
		_tmr0_init     		CODE           	0FED	0000	9
		_lcd_init      		CODE           	057B	0000	83
		_Delay20us     		CODE           	07EA	0000	13

lcd4bits.c estimated size: 409

concentration.c
		_joystick_init 		CODE           	074F	0000	38
		_time_init     		CODE           	07DE	0000	13
		_main          		CODE           	01B0	0000	240
		_get_current_char		CODE           	0FF5	0000	12
		_display_gameboard		CODE           	066E	0000	74
		_get_cursor_index		CODE           	07D1	0000	14
		_randomize_gameboard		CODE           	051C	0000	96
		_update_cursor 		CODE           	029F	0000	165
		_gameboard_init		CODE           	04B8	0000	101
		_toggle_cursor 		CODE           	06F2	0000	51
		_make_custom_chars		CODE           	03D3	0000	125
		_interrupt_handler		CODE           	06B7	0000	60
		_update_gameboard_from_input		CODE           	0046	0000	363

concentration.c estimated size: 1352

C:\Program Files (x86)\Microchip\xc8\v2.10\pic\sources\c90\common\awdiv.c
		___awdiv       		CODE           	044F	0000	106

C:\Program Files (x86)\Microchip\xc8\v2.10\pic\sources\c90\common\awdiv.c estimated size: 106

shared
		make_custom_chars@RH		STRING         	0351	0000	9
		__stringtab    		STRING         	0343	0000	7
		make_custom_chars@skull		STRING         	0359	0000	9
		__initialization		CODE           	000F	0000	52
		make_custom_chars@heart		STRING         	0371	0000	9
		make_custom_chars@smile		STRING         	0381	0000	9
		make_custom_chars@spade		STRING         	0369	0000	9
		make_custom_chars@diamond		STRING         	0379	0000	9
		make_custom_chars@PIC		STRING         	0349	0000	9
		make_custom_chars@club		STRING         	0361	0000	9

shared estimated size: 131

