Microchip MPLAB XC8 Compiler V2.10 ()

Linker command line:

-W-3 --edf=C:\Program Files (x86)\Microchip\xc8\v2.10\pic\dat\en_msgs.txt \
  -cs -h+dist/default/production\Final_Project.production.sym \
  --cmf=dist/default/production\Final_Project.production.cmf -z -Q16F887 \
  -oC:\Users\kellyzc\AppData\Local\Temp\s6o0.2 --defsym=__MPLAB_BUILD=1 \
  -Mdist/default/production/Final_Project.production.map -E1 -ver=XC8 \
  --acfsm=1493 -ASTACK=0110h-016Fh -pstack=STACK -ACODE=00h-07FFhx4 \
  -ASTRCODE=00h-01FFFh -ASTRING=00h-0FFhx32 -ACONST=00h-0FFhx32 \
  -AENTRY=00h-0FFhx32 -ACOMMON=070h-07Fh -ABANK0=020h-06Fh \
  -ABANK1=0A0h-0EFh -ABANK2=0110h-016Fh -ABANK3=0190h-01EFh \
  -ARAM=020h-06Fh,0A0h-0EFh,0110h-016Fh,0190h-01EFh \
  -AABS1=020h-07Fh,0A0h-0EFh,0110h-016Fh,0190h-01EFh -ASFR0=00h-01Fh \
  -ASFR1=080h-09Fh -ASFR2=0100h-010Fh -ASFR3=0180h-018Fh \
  -preset_vec=00h,intentry=04h,init,end_init -ppowerup=CODE -pcinit=CODE \
  -pfunctab=ENTRY -ACONFIG=02007h-02008h -pconfig=CONFIG -DCONFIG=2 \
  -AIDLOC=02000h-02003h -pidloc=IDLOC -DIDLOC=2 -AEEDATA=00h-0FFh/02100h \
  -peeprom_data=EEDATA -DEEDATA=2 -DCODE=2 -DSTRCODE=2 -DSTRING=2 -DCONST=2 \
  -DENTRY=2 -k C:\Users\kellyzc\AppData\Local\Temp\s6o0.o \
  dist/default/production\Final_Project.production.o 

Object code version is 3.11

Machine type is 16F887



                Name                               Link     Load   Length Selector   Space Scale
C:\Users\kellyzc\AppData\Local\Temp\s6o0.o
                end_init                              E        E        3        8       0
                reset_vec                             0        0        3        0       0
                config                             2007     2007        2     400E       0
dist/default/production\Final_Project.production.o
                cinit                                11       11       41        8       0
                intentry                              4        4        A        8       0
                text30                              442      442       94      59A       0
                text29                              D3E      D3E       19     1A7C       0
                text28                              CF6      CF6        E     19EC       0
                text27                              F04      F04       4F     1E08       0
                text26                              D57      D57       1A     1AAE       0
                text25                              D71      D71       1E     1AE2       0
                text24                              DDC      DDC       2B     1BB8       0
                text23                              6D8      6D8       66      59A       0
                text22                              E35      E35       45     1C6A       0
                text21                              CEA      CEA        C     19D4       0
                text20                              D04      D04       12     1A08       0
                text19                              F53      F53       52     1EA6       0
                text18                              5F3      5F3       7C      59A       0
                text17                              66F      66F       69      59A       0
                text16                              79E      79E       5F      59A       0
                text15                              D28      D28       16     1A50       0
                text14                              73E      73E       60      59A       0
                text13                              DB5      DB5       27     1B6A       0
                text12                              CE0      CE0        A     19C0       0
                text11                              1AD      1AD       52        8       0
                text10                              D16      D16       12     1A2C       0
                text9                               E7A      E7A       45     1CF4       0
                text8                               FA5      FA5       5B     1F4A       0
                text7                               2CD      2CD       CB      59A       0
                text6                               569      569       8A      59A       0
                text5                               D8F      D8F       26     1B1E       0
                text4                               398      398       AA      59A       0
                text3                               E07      E07       2E     1C0E       0
                text2                               4D6      4D6       93      59A       0
                text1                                52       52      15B        8       0
                maintext                            EBF      EBF       45     1D7E       0
                cstackBANK0                          20       20       37       20       1
                cstackCOMMON                         70       70        6       70       1
                clrtext                             CD8      CD8        8     19B0       0
                bssBANK3                            190      190       20      190       1
                bssBANK1                             A0       A0       40       A0       1
                dataBANK0                            66       66        4       20       1
                bssBANK0                             57       57        F       20       1
                dataCOMMON                           7B       7B        1       70       1
                bssCOMMON                            76       76        5       70       1
                strings                             200      200       CD      400       0
                idataBANK0                          CD4      CD4        4     19A8       0
                idataCOMMON                         7FD      7FD        1      59A       0

TOTAL           Name                               Link     Load   Length     Space
        CLASS   STACK          

        CLASS   CODE           
                end_init                              E        E        3         0
                cinit                                11       11       41         0
                intentry                              4        4        A         0
                reset_vec                             0        0        3         0
                text30                              442      442       94         0
                text29                              D3E      D3E       19         0
                text28                              CF6      CF6        E         0
                text27                              F04      F04       4F         0
                text26                              D57      D57       1A         0
                text25                              D71      D71       1E         0
                text24                              DDC      DDC       2B         0
                text23                              6D8      6D8       66         0
                text22                              E35      E35       45         0
                text21                              CEA      CEA        C         0
                text20                              D04      D04       12         0
                text19                              F53      F53       52         0
                text18                              5F3      5F3       7C         0
                text17                              66F      66F       69         0
                text16                              79E      79E       5F         0
                text15                              D28      D28       16         0
                text14                              73E      73E       60         0
                text13                              DB5      DB5       27         0
                text12                              CE0      CE0        A         0
                text11                              1AD      1AD       52         0
                text10                              D16      D16       12         0
                text9                               E7A      E7A       45         0
                text8                               FA5      FA5       5B         0
                text7                               2CD      2CD       CB         0
                text6                               569      569       8A         0
                text5                               D8F      D8F       26         0
                text4                               398      398       AA         0
                text3                               E07      E07       2E         0
                text2                               4D6      4D6       93         0
                text1                                52       52      15B         0
                maintext                            EBF      EBF       45         0
                clrtext                             CD8      CD8        8         0
                idataBANK0                          CD4      CD4        4         0
                idataCOMMON                         7FD      7FD        1         0

        CLASS   STRCODE        

        CLASS   STRING         
                strings                             200      200       CD         0

        CLASS   CONST          

        CLASS   ENTRY          

        CLASS   COMMON         
                cstackCOMMON                         70       70        6         1
                dataCOMMON                           7B       7B        1         1
                bssCOMMON                            76       76        5         1

        CLASS   BANK0          
                cstackBANK0                          20       20       37         1
                dataBANK0                            66       66        4         1
                bssBANK0                             57       57        F         1

        CLASS   BANK1          
                bssBANK1                             A0       A0       40         1

        CLASS   BANK2          

        CLASS   BANK3          
                bssBANK3                            190      190       20         1

        CLASS   RAM            

        CLASS   ABS1           
                abs_s1                               7E       7E        2         1

        CLASS   SFR0           

        CLASS   SFR1           

        CLASS   SFR2           

        CLASS   SFR3           

        CLASS   CONFIG         
                config                             2007     2007        2         0

        CLASS   IDLOC          

        CLASS   EEDATA         



SEGMENTS        Name                           Load    Length   Top    Selector   Space  Class     Delta

                reset_vec                      000000  000003  000003         0       0  CODE        2
                intentry                       000004  0001FB  0001FF         8       0  CODE        2
                cstackBANK0                    000020  00004A  00006A        20       1  BANK0       1
                cstackCOMMON                   000070  00000C  00007C        70       1  COMMON      1
                bssBANK1                       0000A0  000040  0000E0        A0       1  BANK1       1
                bssBANK3                       000190  000020  0001B0       190       1  BANK3       1
                strings                        000200  0000CD  0002CD       400       0  STRING      2
                text7                          0002CD  000531  0007FE       59A       0  CODE        2
                idataBANK0                     000CD4  000004  000CD8      19A8       0  CODE        2
                clrtext                        000CD8  000008  000CE0      19B0       0  CODE        2
                text12                         000CE0  00000A  000CEA      19C0       0  CODE        2
                text21                         000CEA  00000C  000CF6      19D4       0  CODE        2
                text28                         000CF6  00000E  000D04      19EC       0  CODE        2
                text20                         000D04  000012  000D16      1A08       0  CODE        2
                text10                         000D16  000012  000D28      1A2C       0  CODE        2
                text15                         000D28  000016  000D3E      1A50       0  CODE        2
                text29                         000D3E  000019  000D57      1A7C       0  CODE        2
                text26                         000D57  00001A  000D71      1AAE       0  CODE        2
                text25                         000D71  00001E  000D8F      1AE2       0  CODE        2
                text5                          000D8F  000026  000DB5      1B1E       0  CODE        2
                text13                         000DB5  000027  000DDC      1B6A       0  CODE        2
                text24                         000DDC  00002B  000E07      1BB8       0  CODE        2
                text3                          000E07  00002E  000E35      1C0E       0  CODE        2
                text22                         000E35  000045  000E7A      1C6A       0  CODE        2
                text9                          000E7A  000045  000EBF      1CF4       0  CODE        2
                maintext                       000EBF  000045  000F04      1D7E       0  CODE        2
                text27                         000F04  00004F  000F53      1E08       0  CODE        2
                text19                         000F53  000052  000FA5      1EA6       0  CODE        2
                text8                          000FA5  00005B  001000      1F4A       0  CODE        2
                config                         002007  000002  002009      400E       0  CONFIG      2


UNUSED ADDRESS RANGES

        Name                Unused          Largest block    Delta
        BANK0            006A-006F              6           1
        BANK1            00E0-00EF             10           1
        BANK2            0110-016F             60           1
        BANK3            01B0-01EF             40           1
        CODE             0003-0003              1           2
                         01FF-01FF              1
                         07FE-0CD3              2
                         1000-1FFF            800
        COMMON           007C-007D              2           1
        CONST            0003-0003              1           2
                         01FF-01FF              1
                         07FE-0CD3            100
                         1000-1FFF            100
        EEDATA           2100-21FF            100           2
        ENTRY            0003-0003              1           2
                         01FF-01FF              1
                         07FE-0CD3            100
                         1000-1FFF            100
        IDLOC            2000-2003              4           2
        RAM              006A-006F              6           1
                         00E0-00EF             10
                         0110-016F             60
                         01B0-01EF             40
        SFR0             0000-001F             20           1
        SFR1             0080-009F             20           1
        SFR2             0100-010F             10           1
        SFR3             0180-018F             10           1
        STACK            0110-016F             60           1
        STRCODE          0003-0003              1           2
                         01FF-01FF              1
                         07FE-0CD3            4D6
                         1000-1FFF           1000
        STRING           0003-0003              1           2
                         01FF-01FF              1
                         07FE-0CD3            100
                         1000-1FFF            100

                                  Symbol Table

?___awdiv                             cstackBANK0  0027
?___awmod                             cstackBANK0  0020
Delay20us@next                        cstackBANK0  0021
DelayMs@millis                        cstackBANK0  0020
_ADCON0                               (abs)        001F
_ADCON1                               (abs)        009F
_ADIE                                 (abs)        0466
_ADIF                                 (abs)        0066
_ADRESH                               (abs)        001E
_ADRESL                               (abs)        009E
_ANSEL                                (abs)        0188
_ANSELH                               (abs)        0189
_CCP1IF                               (abs)        0062
_CCP1M0                               (abs)        00B8
_CCP1M1                               (abs)        00B9
_CCP1M2                               (abs)        00BA
_CCP1M3                               (abs)        00BB
_CCP2IE                               (abs)        0468
_CCP2IF                               (abs)        0068
_CCP2M0                               (abs)        00E8
_CCP2M1                               (abs)        00E9
_CCP2M2                               (abs)        00EA
_CCP2M3                               (abs)        00EB
_CCPR1                                (abs)        0015
_CCPR2                                (abs)        001B
_Delay20us                            text28       0CF6
_DelayMs                              text29       0D3E
_GIE                                  (abs)        005F
_GO                                   (abs)        00F9
_OPTION_REG                           (abs)        0081
_PEIE                                 (abs)        005E
_PORTA                                (abs)        0005
_PORTB                                (abs)        0006
_PORTD                                (abs)        0008
_PR2                                  (abs)        0092
_RB2                                  (abs)        0032
_RB5                                  (abs)        0035
_SCS                                  (abs)        0478
_T0IF                                 (abs)        005A
_T1CKPS0                              (abs)        0084
_T1CKPS1                              (abs)        0085
_T2CON                                (abs)        0012
_TMR0                                 (abs)        0001
_TMR1                                 (abs)        000E
_TMR1CS                               (abs)        0081
_TMR1GE                               (abs)        0086
_TMR1ON                               (abs)        0080
_TMR2                                 (abs)        0011
_TMR2IE                               (abs)        0461
_TMR2IF                               (abs)        0061
_TRISA                                (abs)        0085
_TRISB                                (abs)        0086
_TRISC                                (abs)        0087
_TRISD                                (abs)        0088
_WPUB                                 (abs)        0095
__CFG_BOR4V$BOR21V                    (abs)        0000
__CFG_BOREN$OFF                       (abs)        0000
__CFG_CP$OFF                          (abs)        0000
__CFG_CPD$OFF                         (abs)        0000
__CFG_FCMEN$OFF                       (abs)        0000
__CFG_FOSC$HS                         (abs)        0000
__CFG_IESO$OFF                        (abs)        0000
__CFG_LVP$OFF                         (abs)        0000
__CFG_MCLRE$ON                        (abs)        0000
__CFG_PWRTE$OFF                       (abs)        0000
__CFG_WDTE$OFF                        (abs)        0000
__CFG_WRT$OFF                         (abs)        0000
__Habs1                               abs1         0000
__Hbank0                              bank0        0000
__Hbank1                              bank1        0000
__Hbank2                              bank2        0000
__Hbank3                              bank3        0000
__HbssBANK0                           bssBANK0     0000
__HbssBANK1                           bssBANK1     0000
__HbssBANK3                           bssBANK3     0000
__HbssCOMMON                          bssCOMMON    0000
__Hcinit                              cinit        0052
__Hclrtext                            clrtext      0000
__Hcode                               code         0000
__Hcommon                             common       0000
__Hconfig                             config       2009
__HcstackBANK0                        cstackBANK0  0000
__HcstackCOMMON                       cstackCOMMON 0000
__HdataBANK0                          dataBANK0    0000
__HdataCOMMON                         dataCOMMON   0000
__Heeprom_data                        eeprom_data  0000
__Hend_init                           end_init     0011
__Hfunctab                            functab      0000
__HidataBANK0                         idataBANK0   0000
__HidataCOMMON                        idataCOMMON  0000
__Hidloc                              idloc        0000
__Hinit                               init         000E
__Hintentry                           intentry     000E
__Hmaintext                           maintext     0000
__Hpowerup                            powerup      0000
__Hram                                ram          0000
__Hreset_vec                          reset_vec    0003
__Hsfr0                               sfr0         0000
__Hsfr1                               sfr1         0000
__Hsfr2                               sfr2         0000
__Hsfr3                               sfr3         0000
__Hspace_0                            (abs)        2009
__Hspace_1                            (abs)        01B0
__Hspace_2                            (abs)        0000
__Hspace_3                            (abs)        0000
__Hstack                              stack        0000
__Hstrings                            strings      0000
__Htext                               text         0000
__Labs1                               abs1         0000
__Lbank0                              bank0        0000
__Lbank1                              bank1        0000
__Lbank2                              bank2        0000
__Lbank3                              bank3        0000
__LbssBANK0                           bssBANK0     0000
__LbssBANK1                           bssBANK1     0000
__LbssBANK3                           bssBANK3     0000
__LbssCOMMON                          bssCOMMON    0000
__Lcinit                              cinit        0011
__Lclrtext                            clrtext      0000
__Lcode                               code         0000
__Lcommon                             common       0000
__Lconfig                             config       2007
__LcstackBANK0                        cstackBANK0  0000
__LcstackCOMMON                       cstackCOMMON 0000
__LdataBANK0                          dataBANK0    0000
__LdataCOMMON                         dataCOMMON   0000
__Leeprom_data                        eeprom_data  0000
__Lend_init                           end_init     000E
__Lfunctab                            functab      0000
__LidataBANK0                         idataBANK0   0000
__LidataCOMMON                        idataCOMMON  0000
__Lidloc                              idloc        0000
__Linit                               init         000E
__Lintentry                           intentry     0004
__Lmaintext                           maintext     0000
__Lpowerup                            powerup      0000
__Lram                                ram          0000
__Lreset_vec                          reset_vec    0000
__Lsfr0                               sfr0         0000
__Lsfr1                               sfr1         0000
__Lsfr2                               sfr2         0000
__Lsfr3                               sfr3         0000
__Lspace_0                            (abs)        0000
__Lspace_1                            (abs)        0000
__Lspace_2                            (abs)        0000
__Lspace_3                            (abs)        0000
__Lstack                              stack        0000
__Lstrings                            strings      0000
__Ltext                               text         0000
__S0                                  (abs)        2009
__S1                                  (abs)        01B0
__S2                                  (abs)        0000
__S3                                  (abs)        0000
___awdiv                              text17       066F
___awdiv@counter                      cstackBANK0  002C
___awdiv@dividend                     cstackBANK0  0029
___awdiv@divisor                      cstackBANK0  0027
___awdiv@quotient                     cstackBANK0  002E
___awdiv@sign                         cstackBANK0  002D
___awmod                              text8        0FA5
___awmod@counter                      cstackBANK0  0025
___awmod@dividend                     cstackBANK0  0022
___awmod@divisor                      cstackBANK0  0020
___awmod@sign                         cstackBANK0  0026
___int_sp                             stack        0000
___latbits                            (abs)        0002
___sp                                 stack        0000
___stackhi                            (abs)        0000
___stacklo                            (abs)        0000
__end_of_Delay20us                    text28       0D04
__end_of_DelayMs                      text29       0D57
__end_of___awdiv                      text17       06D8
__end_of___awmod                      text8        1000
__end_of__initialization              cinit        004E
__end_of__stringtab                   strings      0206
__end_of_check_for_match              text4        0442
__end_of_display_gameboard            text9        0EBF
__end_of_display_scoreboard           text7        0398
__end_of_end_screen                   text23       073E
__end_of_game_end                     text22       0E7A
__end_of_gameboard_init               text14       079E
__end_of_get_current_char             text20       0D16
__end_of_get_cursor_index             text21       0CF6
__end_of_interrupt_handler            text30       04D6
__end_of_joystick_init                text13       0DDC
__end_of_lcd_clear                    text26       0D71
__end_of_lcd_goto                     text25       0D8F
__end_of_lcd_init                     text11       01FF
__end_of_lcd_putch                    text10       0D28
__end_of_lcd_puts                     text24       0E07
__end_of_lcd_set_custom_char          text19       0FA5
__end_of_lcd_write                    text27       0F53
__end_of_main                         maintext     0F04
__end_of_make_custom_chars            text18       066F
__end_of_play_tone                    text5        0DB5
__end_of_randomize_gameboard          text16       07FD
__end_of_startup                      text6        05F3
__end_of_time_init                    text15       0D3E
__end_of_tmr0_init                    text12       0CEA
__end_of_toggle_cursor                text3        0E35
__end_of_update_cursor                text2        0569
__end_of_update_gameboard_from_input  text1        01AD
__end_ofmake_custom_chars@PIC         strings      020E
__end_ofmake_custom_chars@RH          strings      0216
__end_ofmake_custom_chars@club        strings      0226
__end_ofmake_custom_chars@diamond     strings      023E
__end_ofmake_custom_chars@heart       strings      0236
__end_ofmake_custom_chars@skull       strings      021E
__end_ofmake_custom_chars@smile       strings      0246
__end_ofmake_custom_chars@spade       strings      022E
__initialization                      cinit        0011
__pbssBANK0                           bssBANK0     0057
__pbssBANK1                           bssBANK1     00A0
__pbssBANK3                           bssBANK3     0190
__pbssCOMMON                          bssCOMMON    0076
__pcstackBANK0                        cstackBANK0  0020
__pcstackCOMMON                       cstackCOMMON 0070
__pdataBANK0                          dataBANK0    0066
__pdataCOMMON                         dataCOMMON   007B
__pidataBANK0                         idataBANK0   0CD4
__pidataCOMMON                        idataCOMMON  07FD
__pintentry                           intentry     0004
__pmaintext                           maintext     0EBF
__pstrings                            strings      0200
__ptext1                              text1        0052
__ptext10                             text10       0D16
__ptext11                             text11       01AD
__ptext12                             text12       0CE0
__ptext13                             text13       0DB5
__ptext14                             text14       073E
__ptext15                             text15       0D28
__ptext16                             text16       079E
__ptext17                             text17       066F
__ptext18                             text18       05F3
__ptext19                             text19       0F53
__ptext2                              text2        04D6
__ptext20                             text20       0D04
__ptext21                             text21       0CEA
__ptext22                             text22       0E35
__ptext23                             text23       06D8
__ptext24                             text24       0DDC
__ptext25                             text25       0D71
__ptext26                             text26       0D57
__ptext27                             text27       0F04
__ptext28                             text28       0CF6
__ptext29                             text29       0D3E
__ptext3                              text3        0E07
__ptext30                             text30       0442
__ptext4                              text4        0398
__ptext5                              text5        0D8F
__ptext6                              text6        0569
__ptext7                              text7        02CD
__ptext8                              text8        0FA5
__ptext9                              text9        0E7A
__size_of_Delay20us                   (abs)        0000
__size_of_DelayMs                     (abs)        0000
__size_of___awdiv                     (abs)        0000
__size_of___awmod                     (abs)        0000
__size_of_check_for_match             (abs)        0000
__size_of_display_gameboard           (abs)        0000
__size_of_display_scoreboard          (abs)        0000
__size_of_end_screen                  (abs)        0000
__size_of_game_end                    (abs)        0000
__size_of_gameboard_init              (abs)        0000
__size_of_get_current_char            (abs)        0000
__size_of_get_cursor_index            (abs)        0000
__size_of_interrupt_handler           (abs)        0000
__size_of_joystick_init               (abs)        0000
__size_of_lcd_clear                   (abs)        0000
__size_of_lcd_goto                    (abs)        0000
__size_of_lcd_init                    (abs)        0000
__size_of_lcd_putch                   (abs)        0000
__size_of_lcd_puts                    (abs)        0000
__size_of_lcd_set_custom_char         (abs)        0000
__size_of_lcd_write                   (abs)        0000
__size_of_main                        (abs)        0000
__size_of_make_custom_chars           (abs)        0000
__size_of_play_tone                   (abs)        0000
__size_of_randomize_gameboard         (abs)        0000
__size_of_startup                     (abs)        0000
__size_of_time_init                   (abs)        0000
__size_of_tmr0_init                   (abs)        0000
__size_of_toggle_cursor               (abs)        0000
__size_of_update_cursor               (abs)        0000
__size_of_update_gameboard_from_input (abs)        0000
__stringbase                          strings      0205
__stringtab                           strings      0200
_board                                bssBANK1     00C0
_check_for_match                      text4        0398
_current_char                         bssBANK0     0064
_current_player                       bssBANK0     005C
_cursor_movable                       bssBANK0     0061
_cursor_move_delay_count              bssCOMMON    007A
_cursor_pos                           bssBANK0     0065
_cursor_solid                         bssBANK0     0063
_delay_loops                          bssBANK0     0062
_display_gameboard                    text9        0E7A
_display_scoreboard                   text7        02CD
_end_screen                           text23       06D8
_game_end                             text22       0E35
_game_over                            bssBANK0     005B
_gameboard_init                       text14       073E
_get_current_char                     text20       0D04
_get_cursor_index                     text21       0CEA
_interrupt_handler                    text30       0442
_joystick_init                        text13       0DB5
_joystick_pressed                     bssBANK0     005D
_joystick_x_pos                       bssBANK0     0059
_joystick_y_pos                       bssBANK0     0057
_lcd_clear                            text26       0D57
_lcd_goto                             text25       0D71
_lcd_init                             text11       01AD
_lcd_putch                            text10       0D16
_lcd_puts                             text24       0DDC
_lcd_set_custom_char                  text19       0F53
_lcd_write                            text27       0F04
_main                                 maintext     0EBF
_make_custom_chars                    text18       05F3
_nRBPU                                (abs)        040F
_p1_score                             bssBANK0     0060
_p2_score                             bssBANK0     005F
_play_tone                            text5        0D8F
_randomize_gameboard                  text16       079E
_selected_tile                        bssBANK0     005E
_startup                              text6        0569
_time_init                            text15       0D28
_tmr0_init                            text12       0CE0
_toggle_cursor                        text3        0E07
_tone_delay                           bssCOMMON    0076
_update_cursor                        text2        04D6
_update_gameboard_from_input          text1        0052
_visible                              bssBANK1     00A0
btemp                                 (abs)        007E
check_for_match@player                cstackBANK0  0038
clear_ram0                            clrtext      0CD8
display_gameboard@i                   cstackBANK0  0035
end_of_initialization                 cinit        004E
end_screen@first_row                  cstackBANK0  002E
end_screen@second_row                 cstackBANK0  002C
gameboard_init@i                      cstackBANK0  0056
get_cursor_index@cursor               cstackBANK0  0020
interrupt_function                    intentry     0004
interrupt_handler@current_analog      cstackCOMMON 0075
intlevel0                             functab      0000
intlevel1                             functab      0000
intlevel2                             functab      0000
intlevel3                             functab      0000
intlevel4                             functab      0000
intlevel5                             functab      0000
lcd_clear@port                        cstackBANK0  0028
lcd_goto@port                         cstackBANK0  0028
lcd_goto@position                     cstackBANK0  002B
lcd_init@port                         cstackBANK0  002A
lcd_putch@character                   cstackBANK0  0033
lcd_putch@port                        cstackBANK0  0030
lcd_puts@port                         cstackBANK0  0028
lcd_puts@string                       cstackBANK0  002B
lcd_set_custom_char@cg_address        cstackBANK0  0028
lcd_set_custom_char@data              cstackBANK0  002E
lcd_set_custom_char@port              cstackBANK0  0029
lcd_set_custom_char@row               cstackBANK0  002D
lcd_write@CmdChar                     cstackBANK0  0022
lcd_write@mode                        cstackBANK0  0027
lcd_write@port                        cstackBANK0  0023
make_custom_chars@PIC                 strings      0206
make_custom_chars@RH                  strings      020E
make_custom_chars@club                strings      021E
make_custom_chars@diamond             strings      0236
make_custom_chars@heart               strings      022E
make_custom_chars@skull               strings      0216
make_custom_chars@smile               strings      023E
make_custom_chars@spade               strings      0226
play_tone@duration_8ms                cstackBANK0  0022
play_tone@tone_period                 cstackBANK0  0020
randomize_gameboard@current           cstackBANK0  0053
randomize_gameboard@random            cstackBANK0  0054
randomize_gameboard@used              cstackBANK0  0033
reset_vec                             reset_vec    0000
saved_w                               (abs)        007E
start                                 init         000E
start_initialization                  cinit        0011
update_cursor@direction               cstackBANK0  0034
update_cursor@move_delay_count        cstackBANK0  0037
wtemp0                                (abs)        007E


FUNCTION INFORMATION:

 *************** function _main *****************
 Defined at:
		line 87 in file "concentration.c"
 Parameters:    Size  Location     Type
		None
 Auto vars:     Size  Location     Type
		None
 Return value:  Size  Location     Type
                  1    wreg      void 
 Registers used:
		wreg, fsr0l, fsr0h, status,2, status,0, btemp+1, pclath, cstack
 Tracked objects:
		On entry : 
		On exit  : 
		Unchanged: 
 Data sizes:     COMMON   BANK0   BANK1   BANK3   BANK2
      Params:         0       0       0       0       0
      Locals:         0       0       0       0       0
      Temps:          0       0       0       0       0
      Totals:         0       0       0       0       0
Total ram usage:        0 bytes
 Hardware stack levels required when called:    7
 This function calls:
		_game_end
		_gameboard_init
		_joystick_init
		_lcd_init
		_startup
		_update_gameboard_from_input
 This function is called by:
		Startup code after reset
 This function uses a non-reentrant model


 *************** function _update_gameboard_from_input *****************
 Defined at:
		line 284 in file "concentration.c"
 Parameters:    Size  Location     Type
		None
 Auto vars:     Size  Location     Type
		None
 Return value:  Size  Location     Type
                  1    wreg      void 
 Registers used:
		wreg, fsr0l, fsr0h, status,2, status,0, btemp+1, pclath, cstack
 Tracked objects:
		On entry : 
		On exit  : 
		Unchanged: 
 Data sizes:     COMMON   BANK0   BANK1   BANK3   BANK2
      Params:         0       0       0       0       0
      Locals:         0       0       0       0       0
      Temps:          0       2       0       0       0
      Totals:         0       2       0       0       0
Total ram usage:        2 bytes
 Hardware stack levels used:    1
 Hardware stack levels required when called:    6
 This function calls:
		_DelayMs
		_check_for_match
		_display_gameboard
		_get_cursor_index
		_toggle_cursor
		_update_cursor
 This function is called by:
		_main
 This function uses a non-reentrant model


 *************** function _update_cursor *****************
 Defined at:
		line 345 in file "concentration.c"
 Parameters:    Size  Location     Type
  move_delay_c    1    wreg     unsigned char 
  direction       1   20[BANK0 ] unsigned char 
 Auto vars:     Size  Location     Type
  move_delay_c    1   23[BANK0 ] unsigned char 
 Return value:  Size  Location     Type
                  1    wreg      void 
 Registers used:
		wreg, fsr0l, fsr0h, status,2, status,0, pclath, cstack
 Tracked objects:
		On entry : 
		On exit  : 
		Unchanged: 
 Data sizes:     COMMON   BANK0   BANK1   BANK3   BANK2
      Params:         0       1       0       0       0
      Locals:         0       1       0       0       0
      Temps:          0       2       0       0       0
      Totals:         0       4       0       0       0
Total ram usage:        4 bytes
 Hardware stack levels used:    1
 Hardware stack levels required when called:    4
 This function calls:
		_get_current_char
		_lcd_goto
		_lcd_putch
 This function is called by:
		_update_gameboard_from_input
 This function uses a non-reentrant model


 *************** function _toggle_cursor *****************
 Defined at:
		line 386 in file "concentration.c"
 Parameters:    Size  Location     Type
		None
 Auto vars:     Size  Location     Type
		None
 Return value:  Size  Location     Type
                  1    wreg      void 
 Registers used:
		wreg, fsr0l, fsr0h, status,2, status,0, pclath, cstack
 Tracked objects:
		On entry : 
		On exit  : 
		Unchanged: 
 Data sizes:     COMMON   BANK0   BANK1   BANK3   BANK2
      Params:         0       0       0       0       0
      Locals:         0       0       0       0       0
      Temps:          0       0       0       0       0
      Totals:         0       0       0       0       0
Total ram usage:        0 bytes
 Hardware stack levels used:    1
 Hardware stack levels required when called:    4
 This function calls:
		_lcd_goto
		_lcd_putch
 This function is called by:
		_update_gameboard_from_input
 This function uses a non-reentrant model


 *************** function _check_for_match *****************
 Defined at:
		line 254 in file "concentration.c"
 Parameters:    Size  Location     Type
  player          1    wreg     unsigned char 
 Auto vars:     Size  Location     Type
  player          1   24[BANK0 ] unsigned char 
 Return value:  Size  Location     Type
                  1    wreg      void 
 Registers used:
		wreg, fsr0l, fsr0h, status,2, status,0, pclath, cstack
 Tracked objects:
		On entry : 
		On exit  : 
		Unchanged: 
 Data sizes:     COMMON   BANK0   BANK1   BANK3   BANK2
      Params:         0       0       0       0       0
      Locals:         0       1       0       0       0
      Temps:          0       2       0       0       0
      Totals:         0       3       0       0       0
Total ram usage:        3 bytes
 Hardware stack levels used:    1
 Hardware stack levels required when called:    5
 This function calls:
		_DelayMs
		_display_gameboard
		_display_scoreboard
		_get_cursor_index
		_play_tone
 This function is called by:
		_update_gameboard_from_input
 This function uses a non-reentrant model


 *************** function _play_tone *****************
 Defined at:
		line 401 in file "concentration.c"
 Parameters:    Size  Location     Type
  tone_period     2    0[BANK0 ] int 
  duration_8ms    1    2[BANK0 ] unsigned char 
 Auto vars:     Size  Location     Type
		None
 Return value:  Size  Location     Type
                  1    wreg      void 
 Registers used:
		wreg, status,2, status,0
 Tracked objects:
		On entry : 
		On exit  : 
		Unchanged: 
 Data sizes:     COMMON   BANK0   BANK1   BANK3   BANK2
      Params:         0       3       0       0       0
      Locals:         0       0       0       0       0
      Temps:          0       2       0       0       0
      Totals:         0       5       0       0       0
Total ram usage:        5 bytes
 Hardware stack levels used:    1
 Hardware stack levels required when called:    1
 This function calls:
		Nothing
 This function is called by:
		_check_for_match
 This function uses a non-reentrant model


 *************** function _startup *****************
 Defined at:
		line 147 in file "concentration.c"
 Parameters:    Size  Location     Type
		None
 Auto vars:     Size  Location     Type
		None
 Return value:  Size  Location     Type
                  1    wreg      void 
 Registers used:
		wreg, fsr0l, fsr0h, status,2, status,0, pclath, cstack
 Tracked objects:
		On entry : 
		On exit  : 
		Unchanged: 
 Data sizes:     COMMON   BANK0   BANK1   BANK3   BANK2
      Params:         0       0       0       0       0
      Locals:         0       0       0       0       0
      Temps:          0       0       0       0       0
      Totals:         0       0       0       0       0
Total ram usage:        0 bytes
 Hardware stack levels used:    1
 Hardware stack levels required when called:    5
 This function calls:
		_DelayMs
		_display_gameboard
		_display_scoreboard
		_lcd_clear
		_lcd_goto
		_lcd_puts
 This function is called by:
		_main
 This function uses a non-reentrant model


 *************** function _display_scoreboard *****************
 Defined at:
		line 167 in file "concentration.c"
 Parameters:    Size  Location     Type
		None
 Auto vars:     Size  Location     Type
		None
 Return value:  Size  Location     Type
                  1    wreg      void 
 Registers used:
		wreg, fsr0l, fsr0h, status,2, status,0, pclath, cstack
 Tracked objects:
		On entry : 
		On exit  : 
		Unchanged: 
 Data sizes:     COMMON   BANK0   BANK1   BANK3   BANK2
      Params:         0       0       0       0       0
      Locals:         0       0       0       0       0
      Temps:          0       2       0       0       0
      Totals:         0       2       0       0       0
Total ram usage:        2 bytes
 Hardware stack levels used:    1
 Hardware stack levels required when called:    4
 This function calls:
		___awdiv
		___awmod
		_lcd_goto
		_lcd_putch
		_lcd_puts
 This function is called by:
		_startup
		_check_for_match
 This function uses a non-reentrant model


 *************** function ___awmod *****************
 Defined at:
		line 5 in file "C:\Program Files (x86)\Microchip\xc8\v2.10\pic\sources\c90\common\awmod.c"
 Parameters:    Size  Location     Type
  divisor         2    0[BANK0 ] int 
  dividend        2    2[BANK0 ] int 
 Auto vars:     Size  Location     Type
  sign            1    6[BANK0 ] unsigned char 
  counter         1    5[BANK0 ] unsigned char 
 Return value:  Size  Location     Type
                  2    0[BANK0 ] int 
 Registers used:
		wreg, status,2, status,0
 Tracked objects:
		On entry : 
		On exit  : 
		Unchanged: 
 Data sizes:     COMMON   BANK0   BANK1   BANK3   BANK2
      Params:         0       4       0       0       0
      Locals:         0       2       0       0       0
      Temps:          0       1       0       0       0
      Totals:         0       7       0       0       0
Total ram usage:        7 bytes
 Hardware stack levels used:    1
 Hardware stack levels required when called:    1
 This function calls:
		Nothing
 This function is called by:
		_display_scoreboard
 This function uses a non-reentrant model


 *************** function _display_gameboard *****************
 Defined at:
		line 178 in file "concentration.c"
 Parameters:    Size  Location     Type
		None
 Auto vars:     Size  Location     Type
  i               1   21[BANK0 ] unsigned char 
 Return value:  Size  Location     Type
                  1    wreg      void 
 Registers used:
		wreg, fsr0l, fsr0h, status,2, status,0, pclath, cstack
 Tracked objects:
		On entry : 
		On exit  : 
		Unchanged: 
 Data sizes:     COMMON   BANK0   BANK1   BANK3   BANK2
      Params:         0       0       0       0       0
      Locals:         0       1       0       0       0
      Temps:          0       1       0       0       0
      Totals:         0       2       0       0       0
Total ram usage:        2 bytes
 Hardware stack levels used:    1
 Hardware stack levels required when called:    4
 This function calls:
		_lcd_clear
		_lcd_goto
		_lcd_putch
 This function is called by:
		_startup
		_check_for_match
		_update_gameboard_from_input
 This function uses a non-reentrant model


 *************** function _lcd_putch *****************
 Defined at:
		line 136 in file "lcd4bits.c"
 Parameters:    Size  Location     Type
  character       1    wreg     unsigned char 
  port            2   16[BANK0 ] PTR unsigned char 
		 -> PORTD(1), PORTA(1), 
 Auto vars:     Size  Location     Type
  character       1   19[BANK0 ] unsigned char 
 Return value:  Size  Location     Type
                  1    wreg      void 
 Registers used:
		wreg, fsr0l, fsr0h, status,2, status,0, pclath, cstack
 Tracked objects:
		On entry : 
		On exit  : 
		Unchanged: 
 Data sizes:     COMMON   BANK0   BANK1   BANK3   BANK2
      Params:         0       2       0       0       0
      Locals:         0       1       0       0       0
      Temps:          0       1       0       0       0
      Totals:         0       4       0       0       0
Total ram usage:        4 bytes
 Hardware stack levels used:    1
 Hardware stack levels required when called:    3
 This function calls:
		_lcd_write
 This function is called by:
		_display_scoreboard
		_display_gameboard
		_update_cursor
		_toggle_cursor
 This function uses a non-reentrant model


 *************** function _lcd_init *****************
 Defined at:
		line 155 in file "lcd4bits.c"
 Parameters:    Size  Location     Type
  port            2   10[BANK0 ] PTR unsigned char 
		 -> PORTD(1), PORTA(1), 
 Auto vars:     Size  Location     Type
		None
 Return value:  Size  Location     Type
                  1    wreg      void 
 Registers used:
		wreg, fsr0l, fsr0h, status,2, status,0, pclath, cstack
 Tracked objects:
		On entry : 
		On exit  : 
		Unchanged: 
 Data sizes:     COMMON   BANK0   BANK1   BANK3   BANK2
      Params:         0       2       0       0       0
      Locals:         0       0       0       0       0
      Temps:          0       1       0       0       0
      Totals:         0       3       0       0       0
Total ram usage:        3 bytes
 Hardware stack levels used:    1
 Hardware stack levels required when called:    4
 This function calls:
		_DelayMs
		_lcd_clear
		_lcd_write
		_tmr0_init
 This function is called by:
		_main
 This function uses a non-reentrant model


 *************** function _tmr0_init *****************
 Defined at:
		line 72 in file "lcd4bits.c"
 Parameters:    Size  Location     Type
		None
 Auto vars:     Size  Location     Type
		None
 Return value:  Size  Location     Type
                  1    wreg      void 
 Registers used:
		wreg, status,2, status,0
 Tracked objects:
		On entry : 
		On exit  : 
		Unchanged: 
 Data sizes:     COMMON   BANK0   BANK1   BANK3   BANK2
      Params:         0       0       0       0       0
      Locals:         0       0       0       0       0
      Temps:          0       1       0       0       0
      Totals:         0       1       0       0       0
Total ram usage:        1 bytes
 Hardware stack levels used:    1
 Hardware stack levels required when called:    1
 This function calls:
		Nothing
 This function is called by:
		_lcd_init
 This function uses a non-reentrant model


 *************** function _joystick_init *****************
 Defined at:
		line 432 in file "concentration.c"
 Parameters:    Size  Location     Type
		None
 Auto vars:     Size  Location     Type
		None
 Return value:  Size  Location     Type
                  1    wreg      void 
 Registers used:
		wreg, status,2
 Tracked objects:
		On entry : 
		On exit  : 
		Unchanged: 
 Data sizes:     COMMON   BANK0   BANK1   BANK3   BANK2
      Params:         0       0       0       0       0
      Locals:         0       0       0       0       0
      Temps:          0       0       0       0       0
      Totals:         0       0       0       0       0
Total ram usage:        0 bytes
 Hardware stack levels used:    1
 Hardware stack levels required when called:    1
 This function calls:
		Nothing
 This function is called by:
		_main
 This function uses a non-reentrant model


 *************** function _gameboard_init *****************
 Defined at:
		line 209 in file "concentration.c"
 Parameters:    Size  Location     Type
		None
 Auto vars:     Size  Location     Type
  i               1   54[BANK0 ] unsigned char 
 Return value:  Size  Location     Type
                  1    wreg      void 
 Registers used:
		wreg, fsr0l, fsr0h, status,2, status,0, btemp+1, pclath, cstack
 Tracked objects:
		On entry : 
		On exit  : 
		Unchanged: 
 Data sizes:     COMMON   BANK0   BANK1   BANK3   BANK2
      Params:         0       0       0       0       0
      Locals:         0       1       0       0       0
      Temps:          0       1       0       0       0
      Totals:         0       2       0       0       0
Total ram usage:        2 bytes
 Hardware stack levels used:    1
 Hardware stack levels required when called:    5
 This function calls:
		_get_current_char
		_lcd_clear
		_lcd_goto
		_make_custom_chars
		_randomize_gameboard
		_time_init
 This function is called by:
		_main
 This function uses a non-reentrant model


 *************** function _time_init *****************
 Defined at:
		line 414 in file "concentration.c"
 Parameters:    Size  Location     Type
		None
 Auto vars:     Size  Location     Type
		None
 Return value:  Size  Location     Type
                  1    wreg      void 
 Registers used:
		wreg, status,2, status,0
 Tracked objects:
		On entry : 
		On exit  : 
		Unchanged: 
 Data sizes:     COMMON   BANK0   BANK1   BANK3   BANK2
      Params:         0       0       0       0       0
      Locals:         0       0       0       0       0
      Temps:          0       1       0       0       0
      Totals:         0       1       0       0       0
Total ram usage:        1 bytes
 Hardware stack levels used:    1
 Hardware stack levels required when called:    1
 This function calls:
		Nothing
 This function is called by:
		_gameboard_init
 This function uses a non-reentrant model


 *************** function _randomize_gameboard *****************
 Defined at:
		line 239 in file "concentration.c"
 Parameters:    Size  Location     Type
		None
 Auto vars:     Size  Location     Type
  used           32   19[BANK0 ] unsigned char [32]
  random          1   52[BANK0 ] unsigned char 
  current         1   51[BANK0 ] unsigned char 
 Return value:  Size  Location     Type
                  1    wreg      void 
 Registers used:
		wreg, fsr0l, fsr0h, status,2, status,0, btemp+1, pclath, cstack
 Tracked objects:
		On entry : 
		On exit  : 
		Unchanged: 
 Data sizes:     COMMON   BANK0   BANK1   BANK3   BANK2
      Params:         0       0       0       0       0
      Locals:         0      34       0       0       0
      Temps:          0       3       0       0       0
      Totals:         0      37       0       0       0
Total ram usage:       37 bytes
 Hardware stack levels used:    1
 Hardware stack levels required when called:    2
 This function calls:
		_DelayMs
		___awdiv
 This function is called by:
		_gameboard_init
 This function uses a non-reentrant model


 *************** function ___awdiv *****************
 Defined at:
		line 5 in file "C:\Program Files (x86)\Microchip\xc8\v2.10\pic\sources\c90\common\awdiv.c"
 Parameters:    Size  Location     Type
  divisor         2    7[BANK0 ] int 
  dividend        2    9[BANK0 ] int 
 Auto vars:     Size  Location     Type
  quotient        2   14[BANK0 ] int 
  sign            1   13[BANK0 ] unsigned char 
  counter         1   12[BANK0 ] unsigned char 
 Return value:  Size  Location     Type
                  2    7[BANK0 ] int 
 Registers used:
		wreg, status,2, status,0
 Tracked objects:
		On entry : 
		On exit  : 
		Unchanged: 
 Data sizes:     COMMON   BANK0   BANK1   BANK3   BANK2
      Params:         0       4       0       0       0
      Locals:         0       4       0       0       0
      Temps:          0       1       0       0       0
      Totals:         0       9       0       0       0
Total ram usage:        9 bytes
 Hardware stack levels used:    1
 Hardware stack levels required when called:    1
 This function calls:
		Nothing
 This function is called by:
		_display_scoreboard
		_randomize_gameboard
 This function uses a non-reentrant model


 *************** function _make_custom_chars *****************
 Defined at:
		line 190 in file "concentration.c"
 Parameters:    Size  Location     Type
		None
 Auto vars:     Size  Location     Type
		None
 Return value:  Size  Location     Type
                  1    wreg      void 
 Registers used:
		wreg, fsr0l, fsr0h, status,2, status,0, pclath, cstack
 Tracked objects:
		On entry : 
		On exit  : 
		Unchanged: 
 Data sizes:     COMMON   BANK0   BANK1   BANK3   BANK2
      Params:         0       0       0       0       0
      Locals:         0       0       0       0       0
      Temps:          0       1       0       0       0
      Totals:         0       1       0       0       0
Total ram usage:        1 bytes
 Hardware stack levels used:    1
 Hardware stack levels required when called:    4
 This function calls:
		_lcd_set_custom_char
 This function is called by:
		_gameboard_init
 This function uses a non-reentrant model


 *************** function _lcd_set_custom_char *****************
 Defined at:
		line 166 in file "lcd4bits.c"
 Parameters:    Size  Location     Type
  data            1    wreg     PTR const unsigned char 
		 -> make_custom_chars@PIC(8), make_custom_chars@RH(8), make_custom_chars@skull(8), make_custom_chars@club(8), 
		 -> make_custom_chars@spade(8), make_custom_chars@heart(8), make_custom_chars@diamond(8), make_custom_chars@smile(8), 
  cg_address      1    8[BANK0 ] unsigned char 
  port            2    9[BANK0 ] PTR unsigned char 
		 -> PORTA(1), 
 Auto vars:     Size  Location     Type
  data            1   14[BANK0 ] PTR const unsigned char 
		 -> make_custom_chars@PIC(8), make_custom_chars@RH(8), make_custom_chars@skull(8), make_custom_chars@club(8), 
		 -> make_custom_chars@spade(8), make_custom_chars@heart(8), make_custom_chars@diamond(8), make_custom_chars@smile(8), 
  row             1   13[BANK0 ] unsigned char 
 Return value:  Size  Location     Type
                  1    wreg      void 
 Registers used:
		wreg, fsr0l, fsr0h, status,2, status,0, pclath, cstack
 Tracked objects:
		On entry : 
		On exit  : 
		Unchanged: 
 Data sizes:     COMMON   BANK0   BANK1   BANK3   BANK2
      Params:         0       3       0       0       0
      Locals:         0       2       0       0       0
      Temps:          0       2       0       0       0
      Totals:         0       7       0       0       0
Total ram usage:        7 bytes
 Hardware stack levels used:    1
 Hardware stack levels required when called:    3
 This function calls:
		_lcd_write
 This function is called by:
		_make_custom_chars
 This function uses a non-reentrant model


 *************** function _get_current_char *****************
 Defined at:
		line 397 in file "concentration.c"
 Parameters:    Size  Location     Type
		None
 Auto vars:     Size  Location     Type
		None
 Return value:  Size  Location     Type
                  1    wreg      void 
 Registers used:
		wreg, fsr0l, fsr0h, status,2, status,0, pclath, cstack
 Tracked objects:
		On entry : 
		On exit  : 
		Unchanged: 
 Data sizes:     COMMON   BANK0   BANK1   BANK3   BANK2
      Params:         0       0       0       0       0
      Locals:         0       0       0       0       0
      Temps:          0       1       0       0       0
      Totals:         0       1       0       0       0
Total ram usage:        1 bytes
 Hardware stack levels used:    1
 Hardware stack levels required when called:    2
 This function calls:
		_get_cursor_index
 This function is called by:
		_gameboard_init
		_update_cursor
 This function uses a non-reentrant model


 *************** function _get_cursor_index *****************
 Defined at:
		line 232 in file "concentration.c"
 Parameters:    Size  Location     Type
  cursor          1    wreg     unsigned char 
 Auto vars:     Size  Location     Type
  cursor          1    0[BANK0 ] unsigned char 
 Return value:  Size  Location     Type
                  1    wreg      unsigned char 
 Registers used:
		wreg, status,2, status,0
 Tracked objects:
		On entry : 
		On exit  : 
		Unchanged: 
 Data sizes:     COMMON   BANK0   BANK1   BANK3   BANK2
      Params:         0       0       0       0       0
      Locals:         0       1       0       0       0
      Temps:          0       0       0       0       0
      Totals:         0       1       0       0       0
Total ram usage:        1 bytes
 Hardware stack levels used:    1
 Hardware stack levels required when called:    1
 This function calls:
		Nothing
 This function is called by:
		_check_for_match
		_update_gameboard_from_input
		_get_current_char
 This function uses a non-reentrant model


 *************** function _game_end *****************
 Defined at:
		line 135 in file "concentration.c"
 Parameters:    Size  Location     Type
		None
 Auto vars:     Size  Location     Type
		None
 Return value:  Size  Location     Type
                  1    wreg      void 
 Registers used:
		wreg, fsr0l, fsr0h, status,2, status,0, pclath, cstack
 Tracked objects:
		On entry : 
		On exit  : 
		Unchanged: 
 Data sizes:     COMMON   BANK0   BANK1   BANK3   BANK2
      Params:         0       0       0       0       0
      Locals:         0       0       0       0       0
      Temps:          0       1       0       0       0
      Totals:         0       1       0       0       0
Total ram usage:        1 bytes
 Hardware stack levels used:    1
 Hardware stack levels required when called:    5
 This function calls:
		_DelayMs
		_end_screen
 This function is called by:
		_main
 This function uses a non-reentrant model


 *************** function _end_screen *****************
 Defined at:
		line 110 in file "concentration.c"
 Parameters:    Size  Location     Type
  first_row       1    wreg     PTR const unsigned char 
		 -> STR_5(14), STR_3(13), STR_1(13), 
  second_row      1   12[BANK0 ] PTR unsigned char 
		 -> STR_6(11), STR_4(13), STR_2(13), 
 Auto vars:     Size  Location     Type
  first_row       1   14[BANK0 ] PTR const unsigned char 
		 -> STR_5(14), STR_3(13), STR_1(13), 
 Return value:  Size  Location     Type
                  1    wreg      void 
 Registers used:
		wreg, fsr0l, fsr0h, status,2, status,0, pclath, cstack
 Tracked objects:
		On entry : 
		On exit  : 
		Unchanged: 
 Data sizes:     COMMON   BANK0   BANK1   BANK3   BANK2
      Params:         0       1       0       0       0
      Locals:         0       1       0       0       0
      Temps:          0       1       0       0       0
      Totals:         0       3       0       0       0
Total ram usage:        3 bytes
 Hardware stack levels used:    1
 Hardware stack levels required when called:    4
 This function calls:
		_lcd_clear
		_lcd_goto
		_lcd_puts
 This function is called by:
		_game_end
 This function uses a non-reentrant model


 *************** function _lcd_puts *****************
 Defined at:
		line 129 in file "lcd4bits.c"
 Parameters:    Size  Location     Type
  string          1    wreg     PTR const unsigned char 
		 -> STR_12(7), STR_11(6), STR_10(12), STR_9(13), 
		 -> STR_8(17), STR_7(16), STR_6(11), STR_5(14), 
		 -> STR_4(13), STR_3(13), STR_2(13), STR_1(13), 
  port            2    8[BANK0 ] PTR unsigned char 
		 -> PORTD(1), PORTA(1), 
 Auto vars:     Size  Location     Type
  string          1   11[BANK0 ] PTR const unsigned char 
		 -> STR_12(7), STR_11(6), STR_10(12), STR_9(13), 
		 -> STR_8(17), STR_7(16), STR_6(11), STR_5(14), 
		 -> STR_4(13), STR_3(13), STR_2(13), STR_1(13), 
 Return value:  Size  Location     Type
                  1    wreg      void 
 Registers used:
		wreg, fsr0l, fsr0h, status,2, status,0, pclath, cstack
 Tracked objects:
		On entry : 
		On exit  : 
		Unchanged: 
 Data sizes:     COMMON   BANK0   BANK1   BANK3   BANK2
      Params:         0       2       0       0       0
      Locals:         0       1       0       0       0
      Temps:          0       1       0       0       0
      Totals:         0       4       0       0       0
Total ram usage:        4 bytes
 Hardware stack levels used:    1
 Hardware stack levels required when called:    3
 This function calls:
		_lcd_write
 This function is called by:
		_end_screen
		_startup
		_display_scoreboard
 This function uses a non-reentrant model


 *************** function _lcd_goto *****************
 Defined at:
		line 146 in file "lcd4bits.c"
 Parameters:    Size  Location     Type
  position        1    wreg     unsigned char 
  port            2    8[BANK0 ] PTR unsigned char 
		 -> PORTD(1), PORTA(1), 
 Auto vars:     Size  Location     Type
  position        1   11[BANK0 ] unsigned char 
 Return value:  Size  Location     Type
                  1    wreg      void 
 Registers used:
		wreg, fsr0l, fsr0h, status,2, status,0, pclath, cstack
 Tracked objects:
		On entry : 
		On exit  : 
		Unchanged: 
 Data sizes:     COMMON   BANK0   BANK1   BANK3   BANK2
      Params:         0       2       0       0       0
      Locals:         0       1       0       0       0
      Temps:          0       1       0       0       0
      Totals:         0       4       0       0       0
Total ram usage:        4 bytes
 Hardware stack levels used:    1
 Hardware stack levels required when called:    3
 This function calls:
		_DelayMs
		_lcd_write
 This function is called by:
		_end_screen
		_startup
		_display_scoreboard
		_display_gameboard
		_gameboard_init
		_update_cursor
		_toggle_cursor
 This function uses a non-reentrant model


 *************** function _lcd_clear *****************
 Defined at:
		line 123 in file "lcd4bits.c"
 Parameters:    Size  Location     Type
  port            2    8[BANK0 ] PTR unsigned char 
		 -> PORTD(1), PORTA(1), 
 Auto vars:     Size  Location     Type
		None
 Return value:  Size  Location     Type
                  1    wreg      void 
 Registers used:
		wreg, fsr0l, fsr0h, status,2, status,0, pclath, cstack
 Tracked objects:
		On entry : 
		On exit  : 
		Unchanged: 
 Data sizes:     COMMON   BANK0   BANK1   BANK3   BANK2
      Params:         0       2       0       0       0
      Locals:         0       0       0       0       0
      Temps:          0       0       0       0       0
      Totals:         0       2       0       0       0
Total ram usage:        2 bytes
 Hardware stack levels used:    1
 Hardware stack levels required when called:    3
 This function calls:
		_DelayMs
		_lcd_write
 This function is called by:
		_end_screen
		_startup
		_display_gameboard
		_gameboard_init
		_lcd_init
 This function uses a non-reentrant model


 *************** function _lcd_write *****************
 Defined at:
		line 110 in file "lcd4bits.c"
 Parameters:    Size  Location     Type
  mode            1    wreg     unsigned char 
  CmdChar         1    2[BANK0 ] unsigned char 
  port            2    3[BANK0 ] PTR unsigned char 
		 -> PORTD(1), PORTA(1), 
 Auto vars:     Size  Location     Type
  mode            1    7[BANK0 ] unsigned char 
 Return value:  Size  Location     Type
                  1    wreg      void 
 Registers used:
		wreg, fsr0l, fsr0h, status,2, status,0, pclath, cstack
 Tracked objects:
		On entry : 
		On exit  : 
		Unchanged: 
 Data sizes:     COMMON   BANK0   BANK1   BANK3   BANK2
      Params:         0       3       0       0       0
      Locals:         0       1       0       0       0
      Temps:          0       2       0       0       0
      Totals:         0       6       0       0       0
Total ram usage:        6 bytes
 Hardware stack levels used:    1
 Hardware stack levels required when called:    2
 This function calls:
		_Delay20us
 This function is called by:
		_lcd_clear
		_lcd_puts
		_lcd_putch
		_lcd_goto
		_lcd_init
		_lcd_set_custom_char
 This function uses a non-reentrant model


 *************** function _Delay20us *****************
 Defined at:
		line 99 in file "lcd4bits.c"
 Parameters:    Size  Location     Type
		None
 Auto vars:     Size  Location     Type
  next            1    1[BANK0 ] unsigned char 
 Return value:  Size  Location     Type
                  1    wreg      void 
 Registers used:
		wreg, status,2, status,0
 Tracked objects:
		On entry : 
		On exit  : 
		Unchanged: 
 Data sizes:     COMMON   BANK0   BANK1   BANK3   BANK2
      Params:         0       0       0       0       0
      Locals:         0       1       0       0       0
      Temps:          0       1       0       0       0
      Totals:         0       2       0       0       0
Total ram usage:        2 bytes
 Hardware stack levels used:    1
 Hardware stack levels required when called:    1
 This function calls:
		Nothing
 This function is called by:
		_lcd_write
 This function uses a non-reentrant model


 *************** function _DelayMs *****************
 Defined at:
		line 86 in file "lcd4bits.c"
 Parameters:    Size  Location     Type
  millis          2    0[BANK0 ] unsigned int 
 Auto vars:     Size  Location     Type
		None
 Return value:  Size  Location     Type
                  1    wreg      void 
 Registers used:
		wreg, status,2, status,0
 Tracked objects:
		On entry : 
		On exit  : 
		Unchanged: 
 Data sizes:     COMMON   BANK0   BANK1   BANK3   BANK2
      Params:         0       2       0       0       0
      Locals:         0       0       0       0       0
      Temps:          0       0       0       0       0
      Totals:         0       2       0       0       0
Total ram usage:        2 bytes
 Hardware stack levels used:    1
 Hardware stack levels required when called:    1
 This function calls:
		Nothing
 This function is called by:
		_game_end
		_startup
		_randomize_gameboard
		_check_for_match
		_update_gameboard_from_input
		_lcd_clear
		_lcd_goto
		_lcd_init
 This function uses a non-reentrant model


 *************** function _interrupt_handler *****************
 Defined at:
		line 449 in file "concentration.c"
 Parameters:    Size  Location     Type
		None
 Auto vars:     Size  Location     Type
  current_anal    1    5[COMMON] unsigned char 
 Return value:  Size  Location     Type
                  1    wreg      void 
 Registers used:
		wreg, fsr0l, fsr0h, status,2, status,0
 Tracked objects:
		On entry : 
		On exit  : 
		Unchanged: 
 Data sizes:     COMMON   BANK0   BANK1   BANK3   BANK2
      Params:         0       0       0       0       0
      Locals:         1       0       0       0       0
      Temps:          5       0       0       0       0
      Totals:         6       0       0       0       0
Total ram usage:        6 bytes
 Hardware stack levels used:    1
 This function calls:
		Nothing
 This function is called by:
		Interrupt level 1
 This function uses a non-reentrant model



MODULE INFORMATION

Module		Function		Class		Link	Load	Size
lcd4bits.c
		_lcd_puts      		CODE           	0DDC	0000	44
		_lcd_putch     		CODE           	0D16	0000	19
		_lcd_set_custom_char		CODE           	0F53	0000	83
		_DelayMs       		CODE           	0D3E	0000	26
		_lcd_clear     		CODE           	0D57	0000	27
		_lcd_goto      		CODE           	0D71	0000	31
		_lcd_write     		CODE           	0F04	0000	80
		_tmr0_init     		CODE           	0CE0	0000	11
		_lcd_init      		CODE           	01AD	0000	83
		_Delay20us     		CODE           	0CF6	0000	15

lcd4bits.c estimated size: 419

concentration.c
		_joystick_init 		CODE           	0DB5	0000	40
		_startup       		CODE           	0569	0000	139
		_check_for_match		CODE           	0398	0000	171
		_time_init     		CODE           	0D28	0000	23
		_end_screen    		CODE           	06D8	0000	103
		_main          		CODE           	0EBF	0000	70
		_get_current_char		CODE           	0D04	0000	19
		_display_gameboard		CODE           	0E7A	0000	70
		_game_end      		CODE           	0E35	0000	70
		_get_cursor_index		CODE           	0CEA	0000	13
		_randomize_gameboard		CODE           	079E	0000	96
		_update_cursor 		CODE           	04D6	0000	148
		_display_scoreboard		CODE           	02CD	0000	204
		_gameboard_init		CODE           	073E	0000	97
		_play_tone     		CODE           	0D8F	0000	39
		_toggle_cursor 		CODE           	0E07	0000	47
		_make_custom_chars		CODE           	05F3	0000	125
		_interrupt_handler		CODE           	0442	0000	149
		_update_gameboard_from_input		CODE           	0052	0000	348

concentration.c estimated size: 1971

C:\Program Files (x86)\Microchip\xc8\v2.10\pic\sources\c90\common\awdiv.c
		___awdiv       		CODE           	066F	0000	106

C:\Program Files (x86)\Microchip\xc8\v2.10\pic\sources\c90\common\awdiv.c estimated size: 106

shared
		make_custom_chars@RH		STRING         	020E	0000	9
		__stringtab    		STRING         	0200	0000	7
		make_custom_chars@skull		STRING         	0216	0000	9
		__initialization		CODE           	0011	0000	62
		make_custom_chars@heart		STRING         	022E	0000	9
		make_custom_chars@smile		STRING         	023E	0000	9
		make_custom_chars@spade		STRING         	0226	0000	9
		make_custom_chars@diamond		STRING         	0236	0000	9
		make_custom_chars@PIC		STRING         	0206	0000	9
		make_custom_chars@club		STRING         	021E	0000	9

shared estimated size: 141

C:\Program Files (x86)\Microchip\xc8\v2.10\pic\sources\c90\common\awmod.c
		___awmod       		CODE           	0FA5	0000	92

C:\Program Files (x86)\Microchip\xc8\v2.10\pic\sources\c90\common\awmod.c estimated size: 92

